[    0.000000] Linux version 4.14.14 (hrmoradi@hrmoradi-ThinkPad-W530) (gcc version 5.4.0 20160609 (Ubuntu 5.4.0-6ubuntu1~16.04.5)) #4 SMP Tue Jan 23 11:02:15 CST 2018
[    0.000000] Command line: BOOT_IMAGE=/boot/vmlinuz-4.14.14 root=UUID=ff9c7a44-34d8-4f26-b6dc-ff39eac28246 ro quiet splash vt.handoff=7
[    0.000000] KERNEL supported cpus:
[    0.000000]   Intel GenuineIntel
[    0.000000]   AMD AuthenticAMD
[    0.000000]   Centaur CentaurHauls
[    0.000000] x86/fpu: Supporting XSAVE feature 0x001: 'x87 floating point registers'
[    0.000000] x86/fpu: Supporting XSAVE feature 0x002: 'SSE registers'
[    0.000000] x86/fpu: Supporting XSAVE feature 0x004: 'AVX registers'
[    0.000000] x86/fpu: xstate_offset[2]:  576, xstate_sizes[2]:  256
[    0.000000] x86/fpu: Enabled xstate features 0x7, context size is 832 bytes, using 'standard' format.
[    0.000000] e820: BIOS-provided physical RAM map:
[    0.000000] BIOS-e820: [mem 0x0000000000000000-0x000000000009d7ff] usable
[    0.000000] BIOS-e820: [mem 0x000000000009d800-0x000000000009ffff] reserved
[    0.000000] BIOS-e820: [mem 0x00000000000e0000-0x00000000000fffff] reserved
[    0.000000] BIOS-e820: [mem 0x0000000000100000-0x000000001fffffff] usable
[    0.000000] BIOS-e820: [mem 0x0000000020000000-0x00000000201fffff] reserved
[    0.000000] BIOS-e820: [mem 0x0000000020200000-0x0000000040003fff] usable
[    0.000000] BIOS-e820: [mem 0x0000000040004000-0x0000000040004fff] reserved
[    0.000000] BIOS-e820: [mem 0x0000000040005000-0x00000000a857ffff] usable
[    0.000000] BIOS-e820: [mem 0x00000000a8580000-0x00000000bae9efff] reserved
[    0.000000] BIOS-e820: [mem 0x00000000bae9f000-0x00000000baf9efff] ACPI NVS
[    0.000000] BIOS-e820: [mem 0x00000000baf9f000-0x00000000baffefff] ACPI data
[    0.000000] BIOS-e820: [mem 0x00000000bafff000-0x00000000bf9fffff] reserved
[    0.000000] BIOS-e820: [mem 0x00000000f8000000-0x00000000fbffffff] reserved
[    0.000000] BIOS-e820: [mem 0x00000000fec00000-0x00000000fec00fff] reserved
[    0.000000] BIOS-e820: [mem 0x00000000fed08000-0x00000000fed08fff] reserved
[    0.000000] BIOS-e820: [mem 0x00000000fed10000-0x00000000fed19fff] reserved
[    0.000000] BIOS-e820: [mem 0x00000000fed1c000-0x00000000fed1ffff] reserved
[    0.000000] BIOS-e820: [mem 0x00000000fee00000-0x00000000fee00fff] reserved
[    0.000000] BIOS-e820: [mem 0x00000000ffc00000-0x00000000ffffffff] reserved
[    0.000000] BIOS-e820: [mem 0x0000000100000000-0x000000023e5fffff] usable
[    0.000000] NX (Execute Disable) protection: active
[    0.000000] random: fast init done
[    0.000000] SMBIOS 2.7 present.
[    0.000000] DMI: LENOVO 2436CTO/2436CTO, BIOS G5ET33WW (1.11 ) 08/09/2012
[    0.000000] tsc: Fast TSC calibration using PIT
[    0.000000] e820: update [mem 0x00000000-0x00000fff] usable ==> reserved
[    0.000000] e820: remove [mem 0x000a0000-0x000fffff] usable
[    0.000000] e820: last_pfn = 0x23e600 max_arch_pfn = 0x400000000
[    0.000000] MTRR default type: uncachable
[    0.000000] MTRR fixed ranges enabled:
[    0.000000]   00000-9FFFF write-back
[    0.000000]   A0000-BFFFF uncachable
[    0.000000]   C0000-FFFFF write-protect
[    0.000000] MTRR variable ranges enabled:
[    0.000000]   0 base 0FFC00000 mask FFFC00000 write-protect
[    0.000000]   1 base 000000000 mask F80000000 write-back
[    0.000000]   2 base 080000000 mask FC0000000 write-back
[    0.000000]   3 base 0BC000000 mask FFC000000 uncachable
[    0.000000]   4 base 0BB000000 mask FFF000000 uncachable
[    0.000000]   5 base 100000000 mask F00000000 write-back
[    0.000000]   6 base 200000000 mask FC0000000 write-back
[    0.000000]   7 base 23F000000 mask FFF000000 uncachable
[    0.000000]   8 base 23E800000 mask FFF800000 uncachable
[    0.000000]   9 base 23E600000 mask FFFE00000 uncachable
[    0.000000] x86/PAT: Configuration [0-7]: WB  WC  UC- UC  WB  WP  UC- WT  
[    0.000000] e820: last_pfn = 0xa8580 max_arch_pfn = 0x400000000
[    0.000000] found SMP MP-table at [mem 0x000f0100-0x000f010f] mapped at [ffffffffff200100]
[    0.000000] Scanning 1 areas for low memory corruption
[    0.000000] Base memory trampoline at [ffff8e3600097000] 97000 size 24576
[    0.000000] BRK [0x10d9c5000, 0x10d9c5fff] PGTABLE
[    0.000000] BRK [0x10d9c6000, 0x10d9c6fff] PGTABLE
[    0.000000] BRK [0x10d9c7000, 0x10d9c7fff] PGTABLE
[    0.000000] BRK [0x10d9c8000, 0x10d9c8fff] PGTABLE
[    0.000000] BRK [0x10d9c9000, 0x10d9c9fff] PGTABLE
[    0.000000] BRK [0x10d9ca000, 0x10d9cafff] PGTABLE
[    0.000000] BRK [0x10d9cb000, 0x10d9cbfff] PGTABLE
[    0.000000] BRK [0x10d9cc000, 0x10d9ccfff] PGTABLE
[    0.000000] BRK [0x10d9cd000, 0x10d9cdfff] PGTABLE
[    0.000000] RAMDISK: [mem 0x0ac26000-0x1fffffff]
[    0.000000] ACPI: Early table checksum verification disabled
[    0.000000] ACPI: RSDP 0x00000000000F0120 000024 (v02 LENOVO)
[    0.000000] ACPI: XSDT 0x00000000BAFFE170 0000B4 (v01 LENOVO TP-G5    00001110 PTL  00000002)
[    0.000000] ACPI: FACP 0x00000000BAFE6000 0000F4 (v04 LENOVO TP-G5    00001110 PTL  00000002)
[    0.000000] ACPI: DSDT 0x00000000BAFE9000 00F818 (v01 LENOVO TP-G5    00001110 INTL 20061109)
[    0.000000] ACPI: FACS 0x00000000BAF54000 000040
[    0.000000] ACPI: FACS 0x00000000BAF54000 000040
[    0.000000] ACPI: SLIC 0x00000000BAFFD000 000176 (v01 LENOVO TP-G5    00001110 PTL  00000001)
[    0.000000] ACPI: TCPA 0x00000000BAFFC000 000032 (v02 PTL    LENOVO   06040000 LNVO 00000001)
[    0.000000] ACPI: SSDT 0x00000000BAFFB000 000249 (v01 LENOVO TP-SSDT2 00000200 INTL 20061109)
[    0.000000] ACPI: SSDT 0x00000000BAFFA000 000033 (v01 LENOVO TP-SSDT1 00000100 INTL 20061109)
[    0.000000] ACPI: SSDT 0x00000000BAFF9000 000797 (v01 LENOVO SataAhci 00001000 INTL 20061109)
[    0.000000] ACPI: HPET 0x00000000BAFE5000 000038 (v01 LENOVO TP-G5    00001110 PTL  00000002)
[    0.000000] ACPI: APIC 0x00000000BAFE4000 000098 (v01 LENOVO TP-G5    00001110 PTL  00000002)
[    0.000000] ACPI: MCFG 0x00000000BAFE3000 00003C (v01 LENOVO TP-G5    00001110 PTL  00000002)
[    0.000000] ACPI: ECDT 0x00000000BAFE2000 000052 (v01 LENOVO TP-G5    00001110 PTL  00000002)
[    0.000000] ACPI: FPDT 0x00000000BAFE1000 000054 (v01 LENOVO TP-G5    00001110 PTL  00000002)
[    0.000000] ACPI: ASF! 0x00000000BAFE8000 0000A5 (v32 LENOVO TP-G5    00001110 PTL  00000002)
[    0.000000] ACPI: UEFI 0x00000000BAFE0000 00003E (v01 LENOVO TP-G5    00001110 PTL  00000002)
[    0.000000] ACPI: UEFI 0x00000000BAFDF000 000042 (v01 PTL    COMBUF   00000001 PTL  00000001)
[    0.000000] ACPI: POAT 0x00000000BAFDE000 000055 (v03 LENOVO TP-G5    00001110 PTL  00000002)
[    0.000000] ACPI: SSDT 0x00000000BAFDD000 000D23 (v01 PmRef  Cpu0Ist  00003000 INTL 20061109)
[    0.000000] ACPI: SSDT 0x00000000BAFDC000 000A7E (v01 PmRef  CpuPm    00003000 INTL 20061109)
[    0.000000] ACPI: UEFI 0x00000000BAFDB000 0002A6 (v01 LENOVO TP-G5    00001110 PTL  00000002)
[    0.000000] ACPI: Local APIC address 0xfee00000
[    0.000000] No NUMA configuration found
[    0.000000] Faking a node at [mem 0x0000000000000000-0x000000023e5fffff]
[    0.000000] NODE_DATA(0) allocated [mem 0x23e5f7000-0x23e5fbfff]
[    0.000000] Zone ranges:
[    0.000000]   DMA      [mem 0x0000000000001000-0x0000000000ffffff]
[    0.000000]   DMA32    [mem 0x0000000001000000-0x00000000ffffffff]
[    0.000000]   Normal   [mem 0x0000000100000000-0x000000023e5fffff]
[    0.000000]   Device   empty
[    0.000000] Movable zone start for each node
[    0.000000] Early memory node ranges
[    0.000000]   node   0: [mem 0x0000000000001000-0x000000000009cfff]
[    0.000000]   node   0: [mem 0x0000000000100000-0x000000001fffffff]
[    0.000000]   node   0: [mem 0x0000000020200000-0x0000000040003fff]
[    0.000000]   node   0: [mem 0x0000000040005000-0x00000000a857ffff]
[    0.000000]   node   0: [mem 0x0000000100000000-0x000000023e5fffff]
[    0.000000] Initmem setup node 0 [mem 0x0000000000001000-0x000000023e5fffff]
[    0.000000] On node 0 totalpages: 1992987
[    0.000000]   DMA zone: 64 pages used for memmap
[    0.000000]   DMA zone: 21 pages reserved
[    0.000000]   DMA zone: 3996 pages, LIFO batch:0
[    0.000000]   DMA32 zone: 10702 pages used for memmap
[    0.000000]   DMA32 zone: 684927 pages, LIFO batch:31
[    0.000000]   Normal zone: 20376 pages used for memmap
[    0.000000]   Normal zone: 1304064 pages, LIFO batch:31
[    0.000000] Reserving Intel graphics memory at 0x00000000bba00000-0x00000000bf9fffff
[    0.000000] ACPI: PM-Timer IO Port: 0x408
[    0.000000] ACPI: Local APIC address 0xfee00000
[    0.000000] ACPI: LAPIC_NMI (acpi_id[0x00] high edge lint[0x1])
[    0.000000] ACPI: LAPIC_NMI (acpi_id[0x01] high edge lint[0x1])
[    0.000000] IOAPIC[0]: apic_id 2, version 32, address 0xfec00000, GSI 0-23
[    0.000000] ACPI: INT_SRC_OVR (bus 0 bus_irq 0 global_irq 2 dfl dfl)
[    0.000000] ACPI: INT_SRC_OVR (bus 0 bus_irq 9 global_irq 9 high level)
[    0.000000] ACPI: IRQ0 used by override.
[    0.000000] ACPI: IRQ9 used by override.
[    0.000000] Using ACPI (MADT) for SMP configuration information
[    0.000000] ACPI: HPET id: 0x8086a301 base: 0xfed00000
[    0.000000] smpboot: Allowing 8 CPUs, 0 hotplug CPUs
[    0.000000] PM: Registered nosave memory: [mem 0x00000000-0x00000fff]
[    0.000000] PM: Registered nosave memory: [mem 0x0009d000-0x0009dfff]
[    0.000000] PM: Registered nosave memory: [mem 0x0009e000-0x0009ffff]
[    0.000000] PM: Registered nosave memory: [mem 0x000a0000-0x000dffff]
[    0.000000] PM: Registered nosave memory: [mem 0x000e0000-0x000fffff]
[    0.000000] PM: Registered nosave memory: [mem 0x20000000-0x201fffff]
[    0.000000] PM: Registered nosave memory: [mem 0x40004000-0x40004fff]
[    0.000000] PM: Registered nosave memory: [mem 0xa8580000-0xbae9efff]
[    0.000000] PM: Registered nosave memory: [mem 0xbae9f000-0xbaf9efff]
[    0.000000] PM: Registered nosave memory: [mem 0xbaf9f000-0xbaffefff]
[    0.000000] PM: Registered nosave memory: [mem 0xbafff000-0xbf9fffff]
[    0.000000] PM: Registered nosave memory: [mem 0xbfa00000-0xf7ffffff]
[    0.000000] PM: Registered nosave memory: [mem 0xf8000000-0xfbffffff]
[    0.000000] PM: Registered nosave memory: [mem 0xfc000000-0xfebfffff]
[    0.000000] PM: Registered nosave memory: [mem 0xfec00000-0xfec00fff]
[    0.000000] PM: Registered nosave memory: [mem 0xfec01000-0xfed07fff]
[    0.000000] PM: Registered nosave memory: [mem 0xfed08000-0xfed08fff]
[    0.000000] PM: Registered nosave memory: [mem 0xfed09000-0xfed0ffff]
[    0.000000] PM: Registered nosave memory: [mem 0xfed10000-0xfed19fff]
[    0.000000] PM: Registered nosave memory: [mem 0xfed1a000-0xfed1bfff]
[    0.000000] PM: Registered nosave memory: [mem 0xfed1c000-0xfed1ffff]
[    0.000000] PM: Registered nosave memory: [mem 0xfed20000-0xfedfffff]
[    0.000000] PM: Registered nosave memory: [mem 0xfee00000-0xfee00fff]
[    0.000000] PM: Registered nosave memory: [mem 0xfee01000-0xffbfffff]
[    0.000000] PM: Registered nosave memory: [mem 0xffc00000-0xffffffff]
[    0.000000] e820: [mem 0xbfa00000-0xf7ffffff] available for PCI devices
[    0.000000] Booting paravirtualized kernel on bare hardware
[    0.000000] clocksource: refined-jiffies: mask: 0xffffffff max_cycles: 0xffffffff, max_idle_ns: 7645519600211568 ns
[    0.000000] setup_percpu: NR_CPUS:512 nr_cpumask_bits:512 nr_cpu_ids:8 nr_node_ids:1
[    0.000000] percpu: Embedded 45 pages/cpu @ffff8e383e200000 s146584 r8192 d29544 u262144
[    0.000000] pcpu-alloc: s146584 r8192 d29544 u262144 alloc=1*2097152
[    0.000000] pcpu-alloc: [0] 0 1 2 3 4 5 6 7 
[    0.000000] Built 1 zonelists, mobility grouping on.  Total pages: 1961824
[    0.000000] Policy zone: Normal
[    0.000000] Kernel command line: BOOT_IMAGE=/boot/vmlinuz-4.14.14 root=UUID=ff9c7a44-34d8-4f26-b6dc-ff39eac28246 ro quiet splash vt.handoff=7
[    0.000000] PID hash table entries: 4096 (order: 3, 32768 bytes)
[    0.000000] Calgary: detecting Calgary via BIOS EBDA area
[    0.000000] Calgary: Unable to locate Rio Grande table in EBDA - bailing!
[    0.000000] Memory: 7402920K/7971948K available (12300K kernel code, 1527K rwdata, 3840K rodata, 1668K init, 1160K bss, 569028K reserved, 0K cma-reserved)
[    0.000000] SLUB: HWalign=64, Order=0-3, MinObjects=0, CPUs=8, Nodes=1
[    0.000000] Kernel/User page tables isolation: enabled
[    0.000000] ftrace: allocating 37358 entries in 146 pages
[    0.000000] Hierarchical RCU implementation.
[    0.000000] 	RCU restricting CPUs from NR_CPUS=512 to nr_cpu_ids=8.
[    0.000000] RCU: Adjusting geometry for rcu_fanout_leaf=16, nr_cpu_ids=8
[    0.000000] NR_IRQS: 33024, nr_irqs: 488, preallocated irqs: 16
[    0.000000] Console: colour dummy device 80x25
[    0.000000] console [tty0] enabled
[    0.000000] clocksource: hpet: mask: 0xffffffff max_cycles: 0xffffffff, max_idle_ns: 133484882848 ns
[    0.000000] hpet clockevent registered
[    0.000000] tsc: Fast TSC calibration using PIT
[    0.004000] tsc: Detected 2593.983 MHz processor
[    0.004000] Calibrating delay loop (skipped), value calculated using timer frequency.. 5187.96 BogoMIPS (lpj=10375932)
[    0.004000] pid_max: default: 32768 minimum: 301
[    0.004000] ACPI: Core revision 20170728
[    0.014763] ACPI: 6 ACPI AML tables successfully acquired and loaded
[    0.014781] Security Framework initialized
[    0.014781] Yama: becoming mindful.
[    0.014794] AppArmor: AppArmor initialized
[    0.015871] Dentry cache hash table entries: 1048576 (order: 11, 8388608 bytes)
[    0.016430] Inode-cache hash table entries: 524288 (order: 10, 4194304 bytes)
[    0.016456] Mount-cache hash table entries: 16384 (order: 5, 131072 bytes)
[    0.016473] Mountpoint-cache hash table entries: 16384 (order: 5, 131072 bytes)
[    0.016649] CPU: Physical Processor ID: 0
[    0.016650] CPU: Processor Core ID: 0
[    0.016655] ENERGY_PERF_BIAS: Set to 'normal', was 'performance'
[    0.016656] ENERGY_PERF_BIAS: View and update with x86_energy_perf_policy(8)
[    0.016659] mce: CPU supports 9 MCE banks
[    0.016667] CPU0: Thermal monitoring enabled (TM1)
[    0.016676] process: using mwait in idle threads
[    0.016679] Last level iTLB entries: 4KB 512, 2MB 8, 4MB 8
[    0.016679] Last level dTLB entries: 4KB 512, 2MB 32, 4MB 32, 1GB 0
[    0.016681] Spectre V2 mitigation: Vulnerable: Minimal generic ASM retpoline
[    0.016775] Freeing SMP alternatives memory: 36K
[    0.019002] smpboot: Max logical packages: 2
[    0.019078] x2apic: IRQ remapping doesn't support X2APIC mode
[    0.019534] ..TIMER: vector=0x30 apic1=0 pin1=2 apic2=-1 pin2=-1
[    0.059231] TSC deadline timer enabled
[    0.059234] smpboot: CPU0: Intel(R) Core(TM) i7-3720QM CPU @ 2.60GHz (family: 0x6, model: 0x3a, stepping: 0x9)
[    0.059289] Performance Events: PEBS fmt1+, IvyBridge events, 16-deep LBR, full-width counters, Intel PMU driver.
[    0.059309] ... version:                3
[    0.059310] ... bit width:              48
[    0.059310] ... generic registers:      4
[    0.059311] ... value mask:             0000ffffffffffff
[    0.059311] ... max period:             00007fffffffffff
[    0.059312] ... fixed-purpose events:   3
[    0.059312] ... event mask:             000000070000000f
[    0.059342] Hierarchical SRCU implementation.
[    0.060000] smp: Bringing up secondary CPUs ...
[    0.060000] x86: Booting SMP configuration:
[    0.060000] .... node  #0, CPUs:      #1
[    0.060000] NMI watchdog: Enabled. Permanently consumes one hw-PMU counter.
[    0.060000]  #2 #3 #4 #5 #6 #7
[    0.072052] smp: Brought up 1 node, 8 CPUs
[    0.072052] smpboot: Total of 8 processors activated (41503.72 BogoMIPS)
[    0.076277] devtmpfs: initialized
[    0.076277] x86/mm: Memory block size: 128MB
[    0.076540] evm: security.selinux
[    0.076540] evm: security.SMACK64
[    0.076541] evm: security.SMACK64EXEC
[    0.076541] evm: security.SMACK64TRANSMUTE
[    0.076542] evm: security.SMACK64MMAP
[    0.076542] evm: security.ima
[    0.076542] evm: security.capability
[    0.076555] PM: Registering ACPI NVS region [mem 0xbae9f000-0xbaf9efff] (1048576 bytes)
[    0.076555] clocksource: jiffies: mask: 0xffffffff max_cycles: 0xffffffff, max_idle_ns: 7645041785100000 ns
[    0.076555] futex hash table entries: 2048 (order: 5, 131072 bytes)
[    0.076555] pinctrl core: initialized pinctrl subsystem
[    0.076555] RTC time: 17:27:48, date: 01/23/18
[    0.076555] NET: Registered protocol family 16
[    0.076555] cpuidle: using governor ladder
[    0.076555] cpuidle: using governor menu
[    0.076555] ACPI FADT declares the system doesn't support PCIe ASPM, so disable it
[    0.076555] ACPI: bus type PCI registered
[    0.076555] acpiphp: ACPI Hot Plug PCI Controller Driver version: 0.5
[    0.076555] PCI: MMCONFIG for domain 0000 [bus 00-3f] at [mem 0xf8000000-0xfbffffff] (base 0xf8000000)
[    0.076555] PCI: MMCONFIG at [mem 0xf8000000-0xfbffffff] reserved in E820
[    0.076555] PCI: Using configuration type 1 for base access
[    0.076555] core: PMU erratum BJ122, BV98, HSD29 worked around, HT is on
[    0.076959] HugeTLB registered 2.00 MiB page size, pre-allocated 0 pages
[    0.076961] ACPI: Added _OSI(Module Device)
[    0.076961] ACPI: Added _OSI(Processor Device)
[    0.076961] ACPI: Added _OSI(3.0 _SCP Extensions)
[    0.076961] ACPI: Added _OSI(Processor Aggregator Device)
[    0.076961] ACPI: EC: EC started
[    0.076961] ACPI: EC: interrupt blocked
[    0.076961] ACPI: \: Used as first EC
[    0.076961] ACPI: \: GPE=0x11, EC_CMD/EC_SC=0x66, EC_DATA=0x62
[    0.076961] ACPI: \: Used as boot ECDT EC to handle transactions
[    0.081685] ACPI: [Firmware Bug]: BIOS _OSI(Linux) query ignored
[    0.085347] ACPI: Dynamic OEM Table Load:
[    0.085347] ACPI: SSDT 0xFFFF8E3834408000 000A01 (v01 PmRef  Cpu0Cst  00003001 INTL 20061109)
[    0.085347] ACPI: Dynamic OEM Table Load:
[    0.085347] ACPI: SSDT 0xFFFF8E3834B3A800 000303 (v01 PmRef  ApIst    00003000 INTL 20061109)
[    0.085347] ACPI: Dynamic OEM Table Load:
[    0.085347] ACPI: SSDT 0xFFFF8E3834410000 000119 (v01 PmRef  ApCst    00003000 INTL 20061109)
[    0.085351] ACPI: Interpreter enabled
[    0.085351] ACPI: (supports S0 S3 S4 S5)
[    0.085351] ACPI: Using IOAPIC for interrupt routing
[    0.085351] PCI: Using host bridge windows from ACPI; if necessary, use "pci=nocrs" and report a bug
[    0.085351] ACPI: Enabled 6 GPEs in block 00 to 3F
[    0.089359] ACPI: Power Resource [PUBS] (on)
[    0.089945] acpi PNP0C0A:01: ACPI dock station (docks/bays count: 1)
[    0.090634] acpi LNXIOBAY:00: ACPI dock station (docks/bays count: 2)
[    0.093068] ACPI: PCI Interrupt Link [LNKA] (IRQs 3 4 5 6 7 9 10 *11)
[    0.093138] ACPI: PCI Interrupt Link [LNKB] (IRQs 3 4 5 6 7 9 *10 11)
[    0.093206] ACPI: PCI Interrupt Link [LNKC] (IRQs 3 4 5 6 *7 9 10 11)
[    0.093276] ACPI: PCI Interrupt Link [LNKD] (IRQs 3 4 5 6 *7 9 10 11)
[    0.093343] ACPI: PCI Interrupt Link [LNKE] (IRQs 3 4 5 6 7 9 10 *11)
[    0.093411] ACPI: PCI Interrupt Link [LNKF] (IRQs 3 4 5 6 7 9 *10 11)
[    0.093478] ACPI: PCI Interrupt Link [LNKG] (IRQs 3 4 5 6 7 9 *10 11)
[    0.093546] ACPI: PCI Interrupt Link [LNKH] (IRQs 3 4 5 6 7 9 10 *11)
[    0.093619] ACPI: PCI Root Bridge [PCI0] (domain 0000 [bus 00-3f])
[    0.093622] acpi PNP0A08:00: _OSC: OS supports [ExtendedConfig ASPM ClockPM Segments MSI]
[    0.093708] acpi PNP0A08:00: _OSC: platform does not support [PCIeCapability]
[    0.093745] acpi PNP0A08:00: _OSC: not requesting control; platform does not support [PCIeCapability]
[    0.093747] acpi PNP0A08:00: _OSC: OS requested [PCIeHotplug PME AER PCIeCapability]
[    0.093748] acpi PNP0A08:00: _OSC: platform willing to grant [PCIeHotplug PME AER]
[    0.093749] acpi PNP0A08:00: _OSC failed (AE_SUPPORT); disabling ASPM
[    0.093882] PCI host bridge to bus 0000:00
[    0.093884] pci_bus 0000:00: root bus resource [io  0x0000-0x0cf7 window]
[    0.093885] pci_bus 0000:00: root bus resource [io  0x0d00-0xffff window]
[    0.093886] pci_bus 0000:00: root bus resource [mem 0x000a0000-0x000bffff window]
[    0.093887] pci_bus 0000:00: root bus resource [mem 0xbfa00000-0xfebfffff window]
[    0.093888] pci_bus 0000:00: root bus resource [mem 0xfed40000-0xfed4bfff window]
[    0.093890] pci_bus 0000:00: root bus resource [bus 00-3f]
[    0.093896] pci 0000:00:00.0: [8086:0154] type 00 class 0x060000
[    0.093962] pci 0000:00:01.0: [8086:0151] type 01 class 0x060400
[    0.093992] pci 0000:00:01.0: PME# supported from D0 D3hot D3cold
[    0.094046] pci 0000:00:02.0: [8086:0166] type 00 class 0x030000
[    0.094056] pci 0000:00:02.0: reg 0x10: [mem 0xf1400000-0xf17fffff 64bit]
[    0.094061] pci 0000:00:02.0: reg 0x18: [mem 0xe0000000-0xefffffff 64bit pref]
[    0.094065] pci 0000:00:02.0: reg 0x20: [io  0x6000-0x603f]
[    0.094142] pci 0000:00:14.0: [8086:1e31] type 00 class 0x0c0330
[    0.094166] pci 0000:00:14.0: reg 0x10: [mem 0xf3a20000-0xf3a2ffff 64bit]
[    0.094232] pci 0000:00:14.0: PME# supported from D3hot D3cold
[    0.094286] pci 0000:00:16.0: [8086:1e3a] type 00 class 0x078000
[    0.094311] pci 0000:00:16.0: reg 0x10: [mem 0xf3a35000-0xf3a3500f 64bit]
[    0.094382] pci 0000:00:16.0: PME# supported from D0 D3hot D3cold
[    0.094434] pci 0000:00:16.3: [8086:1e3d] type 00 class 0x070002
[    0.094454] pci 0000:00:16.3: reg 0x10: [io  0x60b0-0x60b7]
[    0.094463] pci 0000:00:16.3: reg 0x14: [mem 0xf3a3c000-0xf3a3cfff]
[    0.094579] pci 0000:00:19.0: [8086:1502] type 00 class 0x020000
[    0.094598] pci 0000:00:19.0: reg 0x10: [mem 0xf3a00000-0xf3a1ffff]
[    0.094605] pci 0000:00:19.0: reg 0x14: [mem 0xf3a3b000-0xf3a3bfff]
[    0.094613] pci 0000:00:19.0: reg 0x18: [io  0x6080-0x609f]
[    0.094669] pci 0000:00:19.0: PME# supported from D0 D3hot D3cold
[    0.094723] pci 0000:00:1a.0: [8086:1e2d] type 00 class 0x0c0320
[    0.094743] pci 0000:00:1a.0: reg 0x10: [mem 0xf3a3a000-0xf3a3a3ff]
[    0.094824] pci 0000:00:1a.0: PME# supported from D0 D3hot D3cold
[    0.094877] pci 0000:00:1b.0: [8086:1e20] type 00 class 0x040300
[    0.094897] pci 0000:00:1b.0: reg 0x10: [mem 0xf3a30000-0xf3a33fff 64bit]
[    0.094968] pci 0000:00:1b.0: PME# supported from D0 D3hot D3cold
[    0.095027] pci 0000:00:1c.0: [8086:1e10] type 01 class 0x060400
[    0.095162] pci 0000:00:1c.0: PME# supported from D0 D3hot D3cold
[    0.095234] pci 0000:00:1c.1: [8086:1e12] type 01 class 0x060400
[    0.095371] pci 0000:00:1c.1: PME# supported from D0 D3hot D3cold
[    0.095443] pci 0000:00:1c.2: [8086:1e14] type 01 class 0x060400
[    0.095576] pci 0000:00:1c.2: PME# supported from D0 D3hot D3cold
[    0.095645] pci 0000:00:1d.0: [8086:1e26] type 00 class 0x0c0320
[    0.095666] pci 0000:00:1d.0: reg 0x10: [mem 0xf3a39000-0xf3a393ff]
[    0.095746] pci 0000:00:1d.0: PME# supported from D0 D3hot D3cold
[    0.095800] pci 0000:00:1f.0: [8086:1e55] type 00 class 0x060100
[    0.095949] pci 0000:00:1f.2: [8086:1e03] type 00 class 0x010601
[    0.095966] pci 0000:00:1f.2: reg 0x10: [io  0x60a8-0x60af]
[    0.095974] pci 0000:00:1f.2: reg 0x14: [io  0x60bc-0x60bf]
[    0.095981] pci 0000:00:1f.2: reg 0x18: [io  0x60a0-0x60a7]
[    0.095988] pci 0000:00:1f.2: reg 0x1c: [io  0x60b8-0x60bb]
[    0.095996] pci 0000:00:1f.2: reg 0x20: [io  0x6060-0x607f]
[    0.096005] pci 0000:00:1f.2: reg 0x24: [mem 0xf3a38000-0xf3a387ff]
[    0.096044] pci 0000:00:1f.2: PME# supported from D3hot
[    0.096090] pci 0000:00:1f.3: [8086:1e22] type 00 class 0x0c0500
[    0.096109] pci 0000:00:1f.3: reg 0x10: [mem 0xf3a34000-0xf3a340ff 64bit]
[    0.096128] pci 0000:00:1f.3: reg 0x20: [io  0xefa0-0xefbf]
[    0.096223] pci 0000:01:00.0: [10de:0ffc] type 00 class 0x030000
[    0.096234] pci 0000:01:00.0: reg 0x10: [mem 0xf0000000-0xf0ffffff]
[    0.096240] pci 0000:01:00.0: reg 0x14: [mem 0xc0000000-0xcfffffff 64bit pref]
[    0.096246] pci 0000:01:00.0: reg 0x1c: [mem 0xd0000000-0xd1ffffff 64bit pref]
[    0.096250] pci 0000:01:00.0: reg 0x24: [io  0x5000-0x507f]
[    0.096254] pci 0000:01:00.0: reg 0x30: [mem 0xfff80000-0xffffffff pref]
[    0.108023] pci 0000:00:01.0: PCI bridge to [bus 01]
[    0.108028] pci 0000:00:01.0:   bridge window [io  0x5000-0x5fff]
[    0.108031] pci 0000:00:01.0:   bridge window [mem 0xf0000000-0xf10fffff]
[    0.108036] pci 0000:00:01.0:   bridge window [mem 0xc0000000-0xd1ffffff 64bit pref]
[    0.108188] pci 0000:02:00.0: [1180:e822] type 00 class 0x088001
[    0.108216] pci 0000:02:00.0: MMC controller base frequency changed to 50Mhz.
[    0.108252] pci 0000:02:00.0: reg 0x10: [mem 0xf3101000-0xf31010ff]
[    0.108476] pci 0000:02:00.0: supports D1 D2
[    0.108477] pci 0000:02:00.0: PME# supported from D0 D1 D2 D3hot D3cold
[    0.108619] pci 0000:02:00.3: [1180:e832] type 00 class 0x0c0010
[    0.108663] pci 0000:02:00.3: reg 0x10: [mem 0xf3100000-0xf31007ff]
[    0.108788] pci 0000:02:00.3: Enabling fixed DMA alias to 00.0
[    0.108880] pci 0000:02:00.3: supports D1 D2
[    0.108881] pci 0000:02:00.3: PME# supported from D0 D1 D2 D3hot D3cold
[    0.120140] pci 0000:00:1c.0: PCI bridge to [bus 02]
[    0.120144] pci 0000:00:1c.0:   bridge window [io  0x4000-0x4fff]
[    0.120148] pci 0000:00:1c.0:   bridge window [mem 0xf3100000-0xf39fffff]
[    0.120156] pci 0000:00:1c.0:   bridge window [mem 0xf1800000-0xf1ffffff 64bit pref]
[    0.120343] pci 0000:03:00.0: [8086:0085] type 00 class 0x028000
[    0.120567] pci 0000:03:00.0: reg 0x10: [mem 0xf3000000-0xf3001fff 64bit]
[    0.121338] pci 0000:03:00.0: PME# supported from D0 D3hot D3cold
[    0.132137] pci 0000:00:1c.1: PCI bridge to [bus 03]
[    0.132145] pci 0000:00:1c.1:   bridge window [mem 0xf3000000-0xf30fffff]
[    0.132225] acpiphp: Slot [1] registered
[    0.132234] pci 0000:00:1c.2: PCI bridge to [bus 04-0b]
[    0.132238] pci 0000:00:1c.2:   bridge window [io  0x3000-0x3fff]
[    0.132243] pci 0000:00:1c.2:   bridge window [mem 0xf2800000-0xf2ffffff]
[    0.132251] pci 0000:00:1c.2:   bridge window [mem 0xf2000000-0xf27fffff 64bit pref]
[    0.133081] ACPI: EC: interrupt unblocked
[    0.133090] ACPI: EC: event unblocked
[    0.133097] ACPI: \_SB_.PCI0.LPC_.EC__: GPE=0x11, EC_CMD/EC_SC=0x66, EC_DATA=0x62
[    0.133098] ACPI: \_SB_.PCI0.LPC_.EC__: Used as boot DSDT EC to handle transactions and events
[    0.133146] pci 0000:00:02.0: vgaarb: setting as boot VGA device
[    0.133146] pci 0000:00:02.0: vgaarb: VGA device added: decodes=io+mem,owns=io+mem,locks=none
[    0.133146] pci 0000:01:00.0: vgaarb: VGA device added: decodes=io+mem,owns=none,locks=none
[    0.133146] pci 0000:01:00.0: vgaarb: bridge control possible
[    0.133146] pci 0000:00:02.0: vgaarb: no bridge control possible
[    0.133146] vgaarb: loaded
[    0.133146] SCSI subsystem initialized
[    0.133165] libata version 3.00 loaded.
[    0.133165] ACPI: bus type USB registered
[    0.133165] usbcore: registered new interface driver usbfs
[    0.133165] usbcore: registered new interface driver hub
[    0.133165] usbcore: registered new device driver usb
[    0.133165] EDAC MC: Ver: 3.0.0
[    0.133165] PCI: Using ACPI for IRQ routing
[    0.133165] PCI: pci_cache_line_size set to 64 bytes
[    0.133165] e820: reserve RAM buffer [mem 0x0009d800-0x0009ffff]
[    0.133165] e820: reserve RAM buffer [mem 0x40004000-0x43ffffff]
[    0.133165] e820: reserve RAM buffer [mem 0xa8580000-0xabffffff]
[    0.133165] e820: reserve RAM buffer [mem 0x23e600000-0x23fffffff]
[    0.133165] NetLabel: Initializing
[    0.133165] NetLabel:  domain hash size = 128
[    0.133165] NetLabel:  protocols = UNLABELED CIPSOv4 CALIPSO
[    0.133165] NetLabel:  unlabeled traffic allowed by default
[    0.136048] hpet0: at MMIO 0xfed00000, IRQs 2, 8, 0, 0, 0, 0, 0, 0
[    0.136052] hpet0: 8 comparators, 64-bit 14.318180 MHz counter
[    0.138078] clocksource: Switched to clocksource hpet
[    0.143651] VFS: Disk quotas dquot_6.6.0
[    0.143667] VFS: Dquot-cache hash table entries: 512 (order 0, 4096 bytes)
[    0.143741] AppArmor: AppArmor Filesystem Enabled
[    0.143765] pnp: PnP ACPI init
[    0.144151] system 00:00: [mem 0x00000000-0x0009ffff] could not be reserved
[    0.144152] system 00:00: [mem 0x000c0000-0x000c3fff] could not be reserved
[    0.144154] system 00:00: [mem 0x000c4000-0x000c7fff] could not be reserved
[    0.144155] system 00:00: [mem 0x000c8000-0x000cbfff] has been reserved
[    0.144156] system 00:00: [mem 0x000cc000-0x000cffff] has been reserved
[    0.144158] system 00:00: [mem 0x000d0000-0x000d3fff] has been reserved
[    0.144159] system 00:00: [mem 0x000d4000-0x000d7fff] has been reserved
[    0.144160] system 00:00: [mem 0x000d8000-0x000dbfff] has been reserved
[    0.144161] system 00:00: [mem 0x000dc000-0x000dffff] has been reserved
[    0.144162] system 00:00: [mem 0x000e0000-0x000e3fff] could not be reserved
[    0.144163] system 00:00: [mem 0x000e4000-0x000e7fff] could not be reserved
[    0.144164] system 00:00: [mem 0x000e8000-0x000ebfff] could not be reserved
[    0.144165] system 00:00: [mem 0x000ec000-0x000effff] could not be reserved
[    0.144166] system 00:00: [mem 0x000f0000-0x000fffff] could not be reserved
[    0.144167] system 00:00: [mem 0x00100000-0xbf9fffff] could not be reserved
[    0.144169] system 00:00: [mem 0xfec00000-0xfed3ffff] could not be reserved
[    0.144170] system 00:00: [mem 0xfed4c000-0xffffffff] could not be reserved
[    0.144174] system 00:00: Plug and Play ACPI device, IDs PNP0c01 (active)
[    0.144248] pnp 00:01: disabling [mem 0xfffff000-0xffffffff] because it overlaps 0000:01:00.0 BAR 6 [mem 0xfff80000-0xffffffff pref]
[    0.144254] pnp 00:01: [Firmware Bug]: PNP resource [mem 0xfed10000-0xfed13fff] covers only part of 0000:00:00.0 Intel MCH; extending to [mem 0xfed10000-0xfed17fff]
[    0.144269] system 00:01: [io  0x0400-0x047f] has been reserved
[    0.144270] system 00:01: [io  0x0500-0x057f] has been reserved
[    0.144271] system 00:01: [io  0x0800-0x080f] has been reserved
[    0.144272] system 00:01: [io  0x15e0-0x15ef] has been reserved
[    0.144273] system 00:01: [io  0x1600-0x167f] has been reserved
[    0.144275] system 00:01: [mem 0xf8000000-0xfbffffff] has been reserved
[    0.144276] system 00:01: [mem 0xfed1c000-0xfed1ffff] has been reserved
[    0.144277] system 00:01: [mem 0xfed10000-0xfed17fff] has been reserved
[    0.144279] system 00:01: [mem 0xfed18000-0xfed18fff] has been reserved
[    0.144280] system 00:01: [mem 0xfed19000-0xfed19fff] has been reserved
[    0.144281] system 00:01: [mem 0xfed45000-0xfed4bfff] has been reserved
[    0.144284] system 00:01: Plug and Play ACPI device, IDs PNP0c02 (active)
[    0.144322] pnp 00:02: Plug and Play ACPI device, IDs PNP0b00 (active)
[    0.144339] pnp 00:03: Plug and Play ACPI device, IDs PNP0303 (active)
[    0.144356] pnp 00:04: Plug and Play ACPI device, IDs LEN0015 PNP0f13 (active)
[    0.144392] pnp 00:05: Plug and Play ACPI device, IDs SMO1200 PNP0c31 (active)
[    0.152829] pnp: PnP ACPI: found 6 devices
[    0.159012] clocksource: acpi_pm: mask: 0xffffff max_cycles: 0xffffff, max_idle_ns: 2085701024 ns
[    0.159016] pci 0000:01:00.0: can't claim BAR 6 [mem 0xfff80000-0xffffffff pref]: no compatible bridge window
[    0.159063] pci 0000:01:00.0: BAR 6: assigned [mem 0xf1000000-0xf107ffff pref]
[    0.159065] pci 0000:00:01.0: PCI bridge to [bus 01]
[    0.159066] pci 0000:00:01.0:   bridge window [io  0x5000-0x5fff]
[    0.159069] pci 0000:00:01.0:   bridge window [mem 0xf0000000-0xf10fffff]
[    0.159070] pci 0000:00:01.0:   bridge window [mem 0xc0000000-0xd1ffffff 64bit pref]
[    0.159073] pci 0000:00:1c.0: PCI bridge to [bus 02]
[    0.159076] pci 0000:00:1c.0:   bridge window [io  0x4000-0x4fff]
[    0.159082] pci 0000:00:1c.0:   bridge window [mem 0xf3100000-0xf39fffff]
[    0.159086] pci 0000:00:1c.0:   bridge window [mem 0xf1800000-0xf1ffffff 64bit pref]
[    0.159094] pci 0000:00:1c.1: PCI bridge to [bus 03]
[    0.159100] pci 0000:00:1c.1:   bridge window [mem 0xf3000000-0xf30fffff]
[    0.159111] pci 0000:00:1c.2: PCI bridge to [bus 04-0b]
[    0.159114] pci 0000:00:1c.2:   bridge window [io  0x3000-0x3fff]
[    0.159119] pci 0000:00:1c.2:   bridge window [mem 0xf2800000-0xf2ffffff]
[    0.159124] pci 0000:00:1c.2:   bridge window [mem 0xf2000000-0xf27fffff 64bit pref]
[    0.159133] pci_bus 0000:00: resource 4 [io  0x0000-0x0cf7 window]
[    0.159134] pci_bus 0000:00: resource 5 [io  0x0d00-0xffff window]
[    0.159135] pci_bus 0000:00: resource 6 [mem 0x000a0000-0x000bffff window]
[    0.159136] pci_bus 0000:00: resource 7 [mem 0xbfa00000-0xfebfffff window]
[    0.159137] pci_bus 0000:00: resource 8 [mem 0xfed40000-0xfed4bfff window]
[    0.159138] pci_bus 0000:01: resource 0 [io  0x5000-0x5fff]
[    0.159139] pci_bus 0000:01: resource 1 [mem 0xf0000000-0xf10fffff]
[    0.159140] pci_bus 0000:01: resource 2 [mem 0xc0000000-0xd1ffffff 64bit pref]
[    0.159141] pci_bus 0000:02: resource 0 [io  0x4000-0x4fff]
[    0.159142] pci_bus 0000:02: resource 1 [mem 0xf3100000-0xf39fffff]
[    0.159143] pci_bus 0000:02: resource 2 [mem 0xf1800000-0xf1ffffff 64bit pref]
[    0.159144] pci_bus 0000:03: resource 1 [mem 0xf3000000-0xf30fffff]
[    0.159145] pci_bus 0000:04: resource 0 [io  0x3000-0x3fff]
[    0.159146] pci_bus 0000:04: resource 1 [mem 0xf2800000-0xf2ffffff]
[    0.159147] pci_bus 0000:04: resource 2 [mem 0xf2000000-0xf27fffff 64bit pref]
[    0.159214] NET: Registered protocol family 2
[    0.159339] TCP established hash table entries: 65536 (order: 7, 524288 bytes)
[    0.159446] TCP bind hash table entries: 65536 (order: 8, 1048576 bytes)
[    0.159551] TCP: Hash tables configured (established 65536 bind 65536)
[    0.159578] UDP hash table entries: 4096 (order: 5, 131072 bytes)
[    0.159597] UDP-Lite hash table entries: 4096 (order: 5, 131072 bytes)
[    0.159642] NET: Registered protocol family 1
[    0.159654] pci 0000:00:02.0: Video device with shadowed ROM at [mem 0x000c0000-0x000dffff]
[    0.160099] PCI: CLS 64 bytes, default 64
[    0.160130] Unpacking initramfs...
[    5.250577] Freeing initrd memory: 348008K
[    5.250622] PCI-DMA: Using software bounce buffering for IO (SWIOTLB)
[    5.250625] software IO TLB [mem 0xa4580000-0xa8580000] (64MB) mapped at [ffff8e36a4580000-ffff8e36a857ffff]
[    5.250760] RAPL PMU: API unit is 2^-32 Joules, 3 fixed counters, 163840 ms ovfl timer
[    5.250761] RAPL PMU: hw unit of domain pp0-core 2^-16 Joules
[    5.250761] RAPL PMU: hw unit of domain package 2^-16 Joules
[    5.250762] RAPL PMU: hw unit of domain pp1-gpu 2^-16 Joules
[    5.251128] Scanning for low memory corruption every 60 seconds
[    5.251407] audit: initializing netlink subsys (disabled)
[    5.251448] audit: type=2000 audit(1516728473.244:1): state=initialized audit_enabled=0 res=1
[    5.251792] Initialise system trusted keyrings
[    5.251797] Key type blacklist registered
[    5.251832] workingset: timestamp_bits=40 max_order=21 bucket_order=0
[    5.252650] zbud: loaded
[    5.252896] squashfs: version 4.0 (2009/01/31) Phillip Lougher
[    5.253005] fuse init (API version 7.26)
[    5.254284] Key type asymmetric registered
[    5.254285] Asymmetric key parser 'x509' registered
[    5.254307] Block layer SCSI generic (bsg) driver version 0.4 loaded (major 247)
[    5.254343] io scheduler noop registered
[    5.254344] io scheduler deadline registered (default)
[    5.254374] io scheduler cfq registered
[    5.254375] io scheduler mq-deadline registered
[    5.254375] io scheduler kyber registered
[    5.254981] vesafb: mode is 1600x900x32, linelength=6400, pages=0
[    5.254982] vesafb: scrolling: redraw
[    5.254983] vesafb: Truecolor: size=8:8:8:8, shift=24:16:8:0
[    5.254991] vesafb: framebuffer at 0xe0000000, mapped to 0xffffa1dd41800000, using 5632k, total 5632k
[    5.350088] Console: switching to colour frame buffer device 200x56
[    5.444909] fb0: VESA VGA frame buffer device
[    5.444922] intel_idle: MWAIT substates: 0x21120
[    5.444922] intel_idle: v0.4.1 model 0x3A
[    5.445182] intel_idle: lapic_timer_reliable_states 0xffffffff
[    5.445424] ACPI: AC Adapter [AC] (on-line)
[    5.445576] input: Lid Switch as /devices/LNXSYSTM:00/LNXSYBUS:00/PNP0C0D:00/input/input0
[    5.445701] ACPI: Lid Switch [LID]
[    5.445732] input: Sleep Button as /devices/LNXSYSTM:00/LNXSYBUS:00/PNP0C0E:00/input/input1
[    5.445753] ACPI: Sleep Button [SLPB]
[    5.445785] input: Power Button as /devices/LNXSYSTM:00/LNXPWRBN:00/input/input2
[    5.445806] ACPI: Power Button [PWRF]
[    5.446799] (NULL device *): hwmon_device_register() is deprecated. Please convert the driver to use hwmon_device_register_with_info().
[    5.447089] thermal LNXTHERM:00: registered as thermal_zone0
[    5.447090] ACPI: Thermal Zone [THM0] (51 C)
[    5.447203] Serial: 8250/16550 driver, 32 ports, IRQ sharing enabled
[    5.454610] ACPI: Battery Slot [BAT0] (battery present)
[    5.468905] 0000:00:16.3: ttyS4 at I/O 0x60b0 (irq = 19, base_baud = 115200) is a 16550A
[    5.469336] Linux agpgart interface v0.103
[    5.474817] tpm_tis 00:05: 1.2 TPM (device-id 0x0, rev-id 78)
[    5.544349] tpm tpm0: A TPM error (6) occurred attempting to read a pcr value
[    5.545047] tpm tpm0: TPM is disabled/deactivated (0x6)
[    5.547846] loop: module loaded
[    5.547983] libphy: Fixed MDIO Bus: probed
[    5.547984] tun: Universal TUN/TAP device driver, 1.6
[    5.548035] PPP generic driver version 2.4.2
[    5.548071] ehci_hcd: USB 2.0 'Enhanced' Host Controller (EHCI) Driver
[    5.548073] ehci-pci: EHCI PCI platform driver
[    5.548161] ehci-pci 0000:00:1a.0: EHCI Host Controller
[    5.548165] ehci-pci 0000:00:1a.0: new USB bus registered, assigned bus number 1
[    5.548180] ehci-pci 0000:00:1a.0: debug port 2
[    5.552083] ehci-pci 0000:00:1a.0: cache line size of 64 is not supported
[    5.552093] ehci-pci 0000:00:1a.0: irq 16, io mem 0xf3a3a000
[    5.568021] ehci-pci 0000:00:1a.0: USB 2.0 started, EHCI 1.00
[    5.568060] usb usb1: New USB device found, idVendor=1d6b, idProduct=0002
[    5.568061] usb usb1: New USB device strings: Mfr=3, Product=2, SerialNumber=1
[    5.568062] usb usb1: Product: EHCI Host Controller
[    5.568063] usb usb1: Manufacturer: Linux 4.14.14 ehci_hcd
[    5.568064] usb usb1: SerialNumber: 0000:00:1a.0
[    5.568182] hub 1-0:1.0: USB hub found
[    5.568187] hub 1-0:1.0: 3 ports detected
[    5.568371] ehci-pci 0000:00:1d.0: EHCI Host Controller
[    5.568374] ehci-pci 0000:00:1d.0: new USB bus registered, assigned bus number 2
[    5.568386] ehci-pci 0000:00:1d.0: debug port 2
[    5.572286] ehci-pci 0000:00:1d.0: cache line size of 64 is not supported
[    5.572293] ehci-pci 0000:00:1d.0: irq 23, io mem 0xf3a39000
[    5.588018] ehci-pci 0000:00:1d.0: USB 2.0 started, EHCI 1.00
[    5.588052] usb usb2: New USB device found, idVendor=1d6b, idProduct=0002
[    5.588053] usb usb2: New USB device strings: Mfr=3, Product=2, SerialNumber=1
[    5.588054] usb usb2: Product: EHCI Host Controller
[    5.588055] usb usb2: Manufacturer: Linux 4.14.14 ehci_hcd
[    5.588056] usb usb2: SerialNumber: 0000:00:1d.0
[    5.588172] hub 2-0:1.0: USB hub found
[    5.588176] hub 2-0:1.0: 3 ports detected
[    5.588278] ehci-platform: EHCI generic platform driver
[    5.588285] ohci_hcd: USB 1.1 'Open' Host Controller (OHCI) Driver
[    5.588287] ohci-pci: OHCI PCI platform driver
[    5.588293] ohci-platform: OHCI generic platform driver
[    5.588299] uhci_hcd: USB Universal Host Controller Interface driver
[    5.588378] xhci_hcd 0000:00:14.0: xHCI Host Controller
[    5.588381] xhci_hcd 0000:00:14.0: new USB bus registered, assigned bus number 3
[    5.589472] xhci_hcd 0000:00:14.0: hcc params 0x20007181 hci version 0x100 quirks 0x0000b930
[    5.589477] xhci_hcd 0000:00:14.0: cache line size of 64 is not supported
[    5.589551] usb usb3: New USB device found, idVendor=1d6b, idProduct=0002
[    5.589552] usb usb3: New USB device strings: Mfr=3, Product=2, SerialNumber=1
[    5.589553] usb usb3: Product: xHCI Host Controller
[    5.589554] usb usb3: Manufacturer: Linux 4.14.14 xhci-hcd
[    5.589555] usb usb3: SerialNumber: 0000:00:14.0
[    5.589664] hub 3-0:1.0: USB hub found
[    5.589675] hub 3-0:1.0: 4 ports detected
[    5.589981] xhci_hcd 0000:00:14.0: xHCI Host Controller
[    5.589984] xhci_hcd 0000:00:14.0: new USB bus registered, assigned bus number 4
[    5.590015] usb usb4: New USB device found, idVendor=1d6b, idProduct=0003
[    5.590016] usb usb4: New USB device strings: Mfr=3, Product=2, SerialNumber=1
[    5.590017] usb usb4: Product: xHCI Host Controller
[    5.590018] usb usb4: Manufacturer: Linux 4.14.14 xhci-hcd
[    5.590019] usb usb4: SerialNumber: 0000:00:14.0
[    5.590152] hub 4-0:1.0: USB hub found
[    5.590162] hub 4-0:1.0: 4 ports detected
[    5.590303] usb: port power management may be unreliable
[    5.590508] i8042: PNP: PS/2 Controller [PNP0303:KBD,PNP0f13:MOU] at 0x60,0x64 irq 1,12
[    5.592123] serio: i8042 KBD port at 0x60,0x64 irq 1
[    5.592128] serio: i8042 AUX port at 0x60,0x64 irq 12
[    5.592320] mousedev: PS/2 mouse device common for all mice
[    5.592595] rtc_cmos 00:02: RTC can wake from S4
[    5.592767] rtc_cmos 00:02: rtc core: registered rtc_cmos as rtc0
[    5.592791] rtc_cmos 00:02: alarms up to one month, y3k, 114 bytes nvram, hpet irqs
[    5.592796] i2c /dev entries driver
[    5.592827] device-mapper: uevent: version 1.0.3
[    5.592907] device-mapper: ioctl: 4.37.0-ioctl (2017-09-20) initialised: dm-devel@redhat.com
[    5.592911] intel_pstate: Intel P-state driver initializing
[    5.593436] ledtrig-cpu: registered to indicate activity on CPUs
[    5.593786] NET: Registered protocol family 10
[    5.593937] input: AT Translated Set 2 keyboard as /devices/platform/i8042/serio0/input/input3
[    5.593985] Segment Routing with IPv6
[    5.593994] NET: Registered protocol family 17
[    5.594000] Key type dns_resolver registered
[    5.594408] microcode: sig=0x306a9, pf=0x10, revision=0x12
[    5.594552] microcode: Microcode Update Driver: v2.2.
[    5.594558] sched_clock: Marking stable (5594550071, 0)->(5598831783, -4281712)
[    5.594865] registered taskstats version 1
[    5.594867] Loading compiled-in X.509 certificates
[    5.597495] Loaded X.509 cert 'Build time autogenerated kernel key: 5945bc3dbecc35c74f2a840da0db5fc60d07bfc1'
[    5.597513] zswap: loaded using pool lzo/zbud
[    5.601166] Key type big_key registered
[    5.603113] Key type trusted registered
[    5.605118] Key type encrypted registered
[    5.605121] AppArmor: AppArmor sha1 policy hashing enabled
[    5.621181] tpm tpm0: A TPM error (6) occurred attempting to read a pcr value
[    5.621749] ima: No TPM chip found, activating TPM-bypass! (rc=6)
[    5.621763] evm: HMAC attrs: 0x1
[    5.622156]   Magic number: 2:427:492
[    5.622274] rtc_cmos 00:02: setting system clock to 2018-01-23 17:27:54 UTC (1516728474)
[    5.622458] BIOS EDD facility v0.16 2004-Jun-25, 0 devices found
[    5.622458] EDD information not available.
[    5.623858] Freeing unused kernel memory: 1668K
[    5.623858] Write protecting the kernel read-only data: 18432k
[    5.624266] Freeing unused kernel memory: 2008K
[    5.624651] Freeing unused kernel memory: 256K
[    5.672900] acpi PNP0C14:01: duplicate WMI GUID 05901221-D566-11D1-B2F0-00A0C9062910 (first instance was on PNP0C14:00)
[    5.678773] pps_core: LinuxPPS API ver. 1 registered
[    5.678774] pps_core: Software ver. 5.3.6 - Copyright 2005-2007 Rodolfo Giometti <giometti@linux.it>
[    5.679520] sdhci: Secure Digital Host Controller Interface driver
[    5.679521] sdhci: Copyright(c) Pierre Ossman
[    5.684602] PTP clock support registered
[    5.685950] ahci 0000:00:1f.2: version 3.0
[    5.686163] ahci 0000:00:1f.2: SSS flag set, parallel bus scan disabled
[    5.689519] sdhci-pci 0000:02:00.0: SDHCI controller found [1180:e822] (rev 8)
[    5.696305] ahci 0000:00:1f.2: AHCI 0001.0300 32 slots 6 ports 6 Gbps 0x13 impl SATA mode
[    5.696307] ahci 0000:00:1f.2: flags: 64bit ncq ilck stag pm led clo pio slum part ems sxs apst 
[    5.701168] mmc0: SDHCI controller on PCI [0000:02:00.0] using DMA
[    5.717157] e1000e: Intel(R) PRO/1000 Network Driver - 3.2.6-k
[    5.717157] e1000e: Copyright(c) 1999 - 2015 Intel Corporation.
[    5.720527] scsi host0: ahci
[    5.720650] scsi host1: ahci
[    5.720806] scsi host2: ahci
[    5.720936] scsi host3: ahci
[    5.721067] scsi host4: ahci
[    5.721143] scsi host5: ahci
[    5.721179] ata1: SATA max UDMA/133 abar m2048@0xf3a38000 port 0xf3a38100 irq 25
[    5.721181] ata2: SATA max UDMA/133 abar m2048@0xf3a38000 port 0xf3a38180 irq 25
[    5.721182] ata3: DUMMY
[    5.721183] ata4: DUMMY
[    5.721185] ata5: SATA max UDMA/133 abar m2048@0xf3a38000 port 0xf3a38300 irq 25
[    5.721185] ata6: DUMMY
[    5.721335] e1000e 0000:00:19.0: Interrupt Throttling Rate (ints/sec) set to dynamic conservative mode
[    5.772085] firewire_ohci 0000:02:00.3: added OHCI v1.10 device as card 0, 4 IR + 4 IT contexts, quirks 0x11
[    5.826657] e1000e 0000:00:19.0 0000:00:19.0 (uninitialized): registered PHC clock
[    5.904036] usb 1-1: new high-speed USB device number 2 using ehci-pci
[    5.926787] e1000e 0000:00:19.0 eth0: (PCI Express:2.5GT/s:Width x1) 3c:97:0e:29:95:c3
[    5.926789] e1000e 0000:00:19.0 eth0: Intel(R) PRO/1000 Network Connection
[    5.926829] e1000e 0000:00:19.0 eth0: MAC: 10, PHY: 11, PBA No: 1000FF-0FF
[    5.927442] e1000e 0000:00:19.0 enp0s25: renamed from eth0
[    5.928033] usb 2-1: new high-speed USB device number 2 using ehci-pci
[    5.987538] [drm] Memory usable by graphics device = 2048M
[    5.987540] checking generic (e0000000 580000) vs hw (e0000000 10000000)
[    5.987541] fb: switching to inteldrmfb from VESA VGA
[    5.987556] Console: switching to colour dummy device 80x25
[    5.987620] [drm] Replacing VGA console driver
[    5.993492] [drm] Supports vblank timestamp caching Rev 2 (21.10.2013).
[    5.993492] [drm] Driver supports precise vblank timestamp query.
[    5.993921] i915 0000:00:02.0: vgaarb: changed VGA decodes: olddecodes=io+mem,decodes=none:owns=io+mem
[    6.034388] ata1: SATA link up 3.0 Gbps (SStatus 123 SControl 300)
[    6.034768] ata1.00: ACPI cmd ef/02:00:00:00:00:a0 (SET FEATURES) succeeded
[    6.034770] ata1.00: ACPI cmd f5/00:00:00:00:00:a0 (SECURITY FREEZE LOCK) filtered out
[    6.035256] [drm] Initialized i915 1.6.0 20170818 for 0000:00:02.0 on minor 0
[    6.060476] usb 1-1: New USB device found, idVendor=8087, idProduct=0024
[    6.060477] usb 1-1: New USB device strings: Mfr=0, Product=0, SerialNumber=0
[    6.060727] hub 1-1:1.0: USB hub found
[    6.060821] hub 1-1:1.0: 6 ports detected
[    6.083983] ata1.00: ATA-8: TOSHIBA MK5061GSY, MC102E, max UDMA/100
[    6.083984] ata1.00: 976773168 sectors, multi 16: LBA48 NCQ (depth 31/32), AA
[    6.272054] tsc: Refined TSC clocksource calibration: 2594.119 MHz
[    6.272063] clocksource: tsc: mask: 0xffffffffffffffff max_cycles: 0x2564889c0af, max_idle_ns: 440795262838 ns
[    6.300207] firewire_core 0000:02:00.3: created device fw0: GUID 3c970eff2995c3ff, S400
[    6.314413] ata1.00: ACPI cmd ef/02:00:00:00:00:a0 (SET FEATURES) succeeded
[    6.314415] ata1.00: ACPI cmd f5/00:00:00:00:00:a0 (SECURITY FREEZE LOCK) filtered out
[    6.314495] ACPI: Video Device [VID] (multi-head: yes  rom: no  post: no)
[    6.314757] ata1.00: configured for UDMA/100
[    6.314896] scsi 0:0:0:0: Direct-Access     ATA      TOSHIBA MK5061GS 2E   PQ: 0 ANSI: 5
[    6.315106] sd 0:0:0:0: Attached scsi generic sg0 type 0
[    6.315221] sd 0:0:0:0: [sda] 976773168 512-byte logical blocks: (500 GB/466 GiB)
[    6.315284] usb 2-1: New USB device found, idVendor=8087, idProduct=0024
[    6.315285] usb 2-1: New USB device strings: Mfr=0, Product=0, SerialNumber=0
[    6.315293] sd 0:0:0:0: [sda] Write Protect is off
[    6.315294] sd 0:0:0:0: [sda] Mode Sense: 00 3a 00 00
[    6.315326] sd 0:0:0:0: [sda] Write cache: enabled, read cache: enabled, doesn't support DPO or FUA
[    6.315479] hub 2-1:1.0: USB hub found
[    6.315627] hub 2-1:1.0: 8 ports detected
[    6.315712] acpi device:00: registered as cooling_device8
[    6.315783] input: Video Bus as /devices/LNXSYSTM:00/LNXSYBUS:00/PNP0A08:00/LNXVIDEO:00/input/input6
[    6.316136] ACPI: Video Device [VID1] (multi-head: yes  rom: yes  post: no)
[    6.317303] acpi device:0a: registered as cooling_device9
[    6.317389] input: Video Bus as /devices/LNXSYSTM:00/LNXSYBUS:00/PNP0A08:00/device:09/LNXVIDEO:01/input/input7
[    6.350454] ACPI Warning: \_SB.PCI0.PEG.VID._DSM: Argument #4 type mismatch - Found [Buffer], ACPI requires [Package] (20170728/nsarguments-100)
[    6.350789] pci 0000:01:00.0: optimus capabilities: enabled, status dynamic power, hda bios codec supported
[    6.350793] VGA switcheroo: detected Optimus DSM method \_SB_.PCI0.PEG_.VID_ handle
[    6.350816] nouveau 0000:01:00.0: enabling device (0004 -> 0007)
[    6.350900] nouveau 0000:01:00.0: NVIDIA GK107 (0e73c0a2)
[    6.366704] ACPI Error: Field [TBF3] at bit offset/length 188416/196608 exceeds size of target Buffer (368640 bits) (20170728/dsopcode-235)
[    6.366711] ACPI Error: Method parse/execution failed \_SB.PCI0.PEG.VID.GETB, AE_AML_BUFFER_LIMIT (20170728/psparse-550)
[    6.366716] ACPI Error: Method parse/execution failed \_SB.PCI0.PEG.VID._ROM, AE_AML_BUFFER_LIMIT (20170728/psparse-550)
[    6.366721] failed to evaluate ROM got AE_AML_BUFFER_LIMIT
[    6.366803] nouveau 0000:01:00.0: bios: version 80.07.33.00.04
[    6.406919] psmouse serio1: synaptics: queried max coordinates: x [..5470], y [..4498]
[    6.407896]  sda: sda1 sda2 < sda5 >
[    6.408373] sd 0:0:0:0: [sda] Attached SCSI disk
[    6.440174] fbcon: inteldrmfb (fb0) is primary device
[    6.463034] psmouse serio1: synaptics: Touchpad model: 1, fw: 7.2, id: 0x1c0b1, caps: 0xd047b1/0xb40000/0xa0000/0x0, board id: 0, fw id: 920262
[    6.463038] psmouse serio1: synaptics: serio: Synaptics pass-through port at isa0060/serio1/input0
[    6.501486] input: SynPS/2 Synaptics TouchPad as /devices/platform/i8042/serio1/input/input5
[    6.570356] nouveau 0000:01:00.0: fb: 2048 MiB DDR3
[    6.608063] usb 1-1.3: new full-speed USB device number 3 using ehci-pci
[    6.608072] usb 2-1.5: new low-speed USB device number 3 using ehci-pci
[    6.634482] ata2: SATA link up 1.5 Gbps (SStatus 113 SControl 300)
[    6.638204] vga_switcheroo: enabled
[    6.638353] [TTM] Zone  kernel: Available graphics memory: 3877448 kiB
[    6.638353] [TTM] Zone   dma32: Available graphics memory: 2097152 kiB
[    6.638354] [TTM] Initializing pool allocator
[    6.638357] [TTM] Initializing DMA pool allocator
[    6.638368] nouveau 0000:01:00.0: DRM: VRAM: 2048 MiB
[    6.638369] nouveau 0000:01:00.0: DRM: GART: 1048576 MiB
[    6.638372] nouveau 0000:01:00.0: DRM: TMDS table version 2.0
[    6.638373] nouveau 0000:01:00.0: DRM: DCB version 4.0
[    6.638374] nouveau 0000:01:00.0: DRM: DCB outp 00: 01800f23 00010034
[    6.638375] nouveau 0000:01:00.0: DRM: DCB outp 01: 02811f00 00000000
[    6.638376] nouveau 0000:01:00.0: DRM: DCB outp 02: 02822fa6 0f420010
[    6.638376] nouveau 0000:01:00.0: DRM: DCB outp 03: 02822f62 00020010
[    6.638377] nouveau 0000:01:00.0: DRM: DCB outp 04: 04833fb6 0f220010
[    6.638378] nouveau 0000:01:00.0: DRM: DCB outp 05: 04833f72 00020010
[    6.638378] nouveau 0000:01:00.0: DRM: DCB outp 06: 08844fc6 0f220010
[    6.638379] nouveau 0000:01:00.0: DRM: DCB outp 07: 08844f82 00020010
[    6.638389] nouveau 0000:01:00.0: DRM: DCB conn 00: 00000040
[    6.638389] nouveau 0000:01:00.0: DRM: DCB conn 01: 00000100
[    6.638390] nouveau 0000:01:00.0: DRM: DCB conn 02: 00010246
[    6.638391] nouveau 0000:01:00.0: DRM: DCB conn 03: 00020346
[    6.638391] nouveau 0000:01:00.0: DRM: DCB conn 04: 01000446
[    6.639448] ata2.00: ACPI cmd e3/00:1f:00:00:00:a0 (IDLE) succeeded
[    6.639730] ata2.00: ACPI cmd e3/00:02:00:00:00:a0 (IDLE) succeeded
[    6.642254] ata2.00: ATAPI: HL-DT-ST DVDRAM GT50N, LT20, max UDMA/33
[    6.646781] ata2.00: ACPI cmd e3/00:1f:00:00:00:a0 (IDLE) succeeded
[    6.647043] ata2.00: ACPI cmd e3/00:02:00:00:00:a0 (IDLE) succeeded
[    6.649572] ata2.00: configured for UDMA/33
[    6.654241] scsi 1:0:0:0: CD-ROM            HL-DT-ST DVDRAM GT50N     LT20 PQ: 0 ANSI: 5
[    6.680523] sr 1:0:0:0: [sr0] scsi3-mmc drive: 24x/24x writer dvd-ram cd/rw xa/form2 cdda tray
[    6.680524] cdrom: Uniform CD-ROM driver Revision: 3.20
[    6.680651] sr 1:0:0:0: Attached scsi CD-ROM sr0
[    6.680725] sr 1:0:0:0: Attached scsi generic sg1 type 5
[    6.713446] [drm] Supports vblank timestamp caching Rev 2 (21.10.2013).
[    6.713447] [drm] Driver supports precise vblank timestamp query.
[    6.717779] usb 1-1.3: New USB device found, idVendor=147e, idProduct=2020
[    6.717780] usb 1-1.3: New USB device strings: Mfr=1, Product=2, SerialNumber=0
[    6.717781] usb 1-1.3: Product: Biometric Coprocessor
[    6.717781] usb 1-1.3: Manufacturer: Auth
[    6.719791] usb 2-1.5: New USB device found, idVendor=0461, idProduct=4d22
[    6.719795] usb 2-1.5: New USB device strings: Mfr=0, Product=2, SerialNumber=0
[    6.719797] usb 2-1.5: Product: USB Optical Mouse
[    6.727406] hidraw: raw HID events driver (C) Jiri Kosina
[    6.734512] usbcore: registered new interface driver usbhid
[    6.734512] usbhid: USB HID core driver
[    6.736807] input: USB Optical Mouse as /devices/pci0000:00/0000:00:1d.0/usb2/2-1/2-1.5/2-1.5:1.0/0003:0461:4D22.0001/input/input9
[    6.736904] hid-generic 0003:0461:4D22.0001: input,hidraw0: USB HID v1.11 Mouse [USB Optical Mouse] on usb-0000:00:1d.0-1.5/input0
[    6.796114] usb 1-1.6: new high-speed USB device number 4 using ehci-pci
[    6.912850] usb 1-1.6: New USB device found, idVendor=04f2, idProduct=b2ea
[    6.912851] usb 1-1.6: New USB device strings: Mfr=1, Product=2, SerialNumber=0
[    6.912852] usb 1-1.6: Product: Integrated Camera
[    6.912853] usb 1-1.6: Manufacturer: Chicony Electronics Co., Ltd.
[    6.995724] ata5: SATA link down (SStatus 0 SControl 300)
[    7.148144] psmouse serio2: trackpoint: IBM TrackPoint firmware: 0x0e, buttons: 3/3
[    7.270551] Console: switching to colour frame buffer device 200x56
[    7.289404] i915 0000:00:02.0: fb0: inteldrmfb frame buffer device
[    7.300450] clocksource: Switched to clocksource tsc
[    7.353964] input: TPPS/2 IBM TrackPoint as /devices/platform/i8042/serio1/serio2/input/input8
[    7.466872] nouveau 0000:01:00.0: DRM: MM: using COPY for buffer copies
[    7.672061] [drm] Cannot find any crtc or sizes
[    7.672106] [drm] Initialized nouveau 1.3.1 20120801 for 0000:01:00.0 on minor 1
[    7.876059] [drm] Cannot find any crtc or sizes
[    8.084059] [drm] Cannot find any crtc or sizes
[    8.646739] EXT4-fs (sda1): mounted filesystem with ordered data mode. Opts: (null)
[    8.931510]  Kernel Built by Hamidreza Moradi  fork.c print 2
[    9.524372]  Kernel Built by Hamidreza Moradi  fork.c print 2
[    9.982928] random: crng init done
[   10.137339]  Kernel Built by Hamidreza Moradi  fork.c print 2
[   10.282173] systemd[1]: systemd 229 running in system mode. (+PAM +AUDIT +SELINUX +IMA +APPARMOR +SMACK +SYSVINIT +UTMP +LIBCRYPTSETUP +GCRYPT +GNUTLS +ACL +XZ -LZ4 +SECCOMP +BLKID +ELFUTILS +KMOD -IDN)
[   10.300145] systemd[1]: Detected architecture x86-64.
[   10.312850] systemd[1]: Set hostname to <hrmoradi-ThinkPad-W530>.
[   11.513189]  Kernel Built by Hamidreza Moradi  fork.c print 2
[   12.030086]  Kernel Built by Hamidreza Moradi  fork.c print 2
[   12.694976] systemd[1]: Started Trigger resolvconf update for networkd DNS.
[   12.695083] systemd[1]: Listening on Device-mapper event daemon FIFOs.
[   12.695111] systemd[1]: Started Forward Password Requests to Wall Directory Watch.
[   12.695220] systemd[1]: Set up automount Arbitrary Executable File Formats File System Automount Point.
[   12.695249] systemd[1]: Listening on udev Kernel Socket.
[   12.695256] systemd[1]: Reached target Encrypted Volumes.
[   12.695283] systemd[1]: Listening on Journal Socket (/dev/log).
[   13.076188]  Kernel Built by Hamidreza Moradi  fork.c print 2
[   13.332244]  Kernel Built by Hamidreza Moradi  fork.c print 2
[   13.332438]  Kernel Built by Hamidreza Moradi  fork.c print 2
[   13.413203]  Kernel Built by Hamidreza Moradi  fork.c print 2
[   13.776668] lp: driver loaded but no devices found
[   13.935718] ppdev: user-space parallel port driver
[   14.286615] RPC: Registered named UNIX socket transport module.
[   14.286615] RPC: Registered udp transport module.
[   14.286616] RPC: Registered tcp transport module.
[   14.286616] RPC: Registered tcp NFSv4.1 backchannel transport module.
[   14.286906]  Kernel Built by Hamidreza Moradi  fork.c print 2
[   14.728695] Loading iSCSI transport class v2.0-870.
[   14.962060]  Kernel Built by Hamidreza Moradi  fork.c print 2
[   15.027164] iscsi: registered transport (tcp)
[   15.300534] Installing knfsd (copyright (C) 1996 okir@monad.swb.de).
[   15.300935]  Kernel Built by Hamidreza Moradi  fork.c print 2
[   15.904139] iscsi: registered transport (iser)
[   15.906811]  Kernel Built by Hamidreza Moradi  fork.c print 2
[   16.675415] EXT4-fs (sda1): re-mounted. Opts: errors=remount-ro
[   16.675561]  Kernel Built by Hamidreza Moradi  fork.c print 2
[   16.750626] systemd-journald[370]: Received request to flush runtime journal from PID 1
[   17.345268]  Kernel Built by Hamidreza Moradi  fork.c print 2
[   17.349182]  Kernel Built by Hamidreza Moradi  fork.c print 2
[   17.494272] ACPI Warning: SystemIO range 0x0000000000000428-0x000000000000042F conflicts with OpRegion 0x0000000000000400-0x000000000000047F (\_SB.PCI0.LPC.PMIO) (20170728/utaddress-247)
[   17.494276] ACPI: If an ACPI driver is available for this device, you should use it instead of the native driver
[   17.494280] ACPI Warning: SystemIO range 0x0000000000000540-0x000000000000054F conflicts with OpRegion 0x0000000000000500-0x000000000000057F (\_SB.PCI0.LPC.LPIO) (20170728/utaddress-247)
[   17.494282] ACPI: If an ACPI driver is available for this device, you should use it instead of the native driver
[   17.494283] ACPI Warning: SystemIO range 0x0000000000000530-0x000000000000053F conflicts with OpRegion 0x0000000000000500-0x000000000000057F (\_SB.PCI0.LPC.LPIO) (20170728/utaddress-247)
[   17.494285] ACPI: If an ACPI driver is available for this device, you should use it instead of the native driver
[   17.494285] ACPI Warning: SystemIO range 0x0000000000000500-0x000000000000052F conflicts with OpRegion 0x0000000000000500-0x000000000000057F (\_SB.PCI0.LPC.LPIO) (20170728/utaddress-247)
[   17.494287] ACPI: If an ACPI driver is available for this device, you should use it instead of the native driver
[   17.494287] lpc_ich: Resource conflict(s) found affecting gpio_ich
[   17.782397] shpchp: Standard Hot Plug PCI Controller Driver version: 0.4
[   17.842200] Non-volatile memory driver v1.3
[   18.212261] thinkpad_acpi: ThinkPad ACPI Extras v0.25
[   18.212262] thinkpad_acpi: http://ibm-acpi.sf.net/
[   18.212263] thinkpad_acpi: ThinkPad BIOS G5ET33WW (1.11 ), EC unknown
[   18.212263] thinkpad_acpi: Lenovo ThinkPad W530, model 2436CTO
[   18.212616] thinkpad_acpi: radio switch found; radios are enabled
[   18.212628] thinkpad_acpi: This ThinkPad has standard ACPI backlight brightness control, supported by the ACPI video driver
[   18.212628] thinkpad_acpi: Disabling thinkpad-acpi brightness events by default...
[   18.213735] thinkpad_acpi: Standard ACPI backlight interface available, not loading native one
[   18.214969] input: ThinkPad Extra Buttons as /devices/platform/thinkpad_acpi/input/input10
[   18.353146] thinkpad_acpi: EC reports that Thermal Table has changed
[   19.056320] AVX version of gcm_enc/dec engaged.
[   19.056321] AES CTR mode by8 optimization enabled
[   19.398332] snd_hda_intel 0000:00:1b.0: bound 0000:00:02.0 (ops i915_audio_component_bind_ops [i915])
[   20.445077] Intel(R) Wireless WiFi driver for Linux
[   20.445078] Copyright(c) 2003- 2015 Intel Corporation
[   20.445257] iwlwifi 0000:03:00.0: can't disable ASPM; OS doesn't have ASPM control
[   20.980727] snd_hda_codec_realtek hdaudioC0D0: autoconfig for ALC269VC: line_outs=1 (0x14/0x0/0x0/0x0/0x0) type:speaker
[   20.980729] snd_hda_codec_realtek hdaudioC0D0:    speaker_outs=0 (0x0/0x0/0x0/0x0/0x0)
[   20.980730] snd_hda_codec_realtek hdaudioC0D0:    hp_outs=2 (0x15/0x1b/0x0/0x0/0x0)
[   20.980731] snd_hda_codec_realtek hdaudioC0D0:    mono: mono_out=0x0
[   20.980732] snd_hda_codec_realtek hdaudioC0D0:    inputs:
[   20.980733] snd_hda_codec_realtek hdaudioC0D0:      Mic=0x18
[   20.980735] snd_hda_codec_realtek hdaudioC0D0:      Dock Mic=0x19
[   20.980736] snd_hda_codec_realtek hdaudioC0D0:      Internal Mic=0x12
[   20.990645] input: HDA Intel PCH Mic as /devices/pci0000:00/0000:00:1b.0/sound/card0/input11
[   20.990697] input: HDA Intel PCH Dock Mic as /devices/pci0000:00/0000:00:1b.0/sound/card0/input12
[   20.990742] input: HDA Intel PCH Headphone as /devices/pci0000:00/0000:00:1b.0/sound/card0/input13
[   20.990776] input: HDA Intel PCH Dock Headphone as /devices/pci0000:00/0000:00:1b.0/sound/card0/input14
[   21.224628] iwlwifi 0000:03:00.0: loaded firmware version 18.168.6.1 op_mode iwldvm
[   21.225351] kvm: disabled by bios
[   21.261161] kvm: disabled by bios
[   21.301079] kvm: disabled by bios
[   21.341059] kvm: disabled by bios
[   21.393096] kvm: disabled by bios
[   21.457161] kvm: disabled by bios
[   21.505039] kvm: disabled by bios
[   21.549074] kvm: disabled by bios
[   21.916275] media: Linux media interface: v0.10
[   22.361223] Linux video capture interface: v2.00
[   22.806137] intel_rapl: Found RAPL domain package
[   22.806138] intel_rapl: Found RAPL domain core
[   22.806139] intel_rapl: Found RAPL domain uncore
[   23.682785] uvcvideo: Found UVC 1.00 device Integrated Camera (04f2:b2ea)
[   23.684596] uvcvideo 1-1.6:1.0: Entity type for entity Extension 4 was not initialized!
[   23.684597] uvcvideo 1-1.6:1.0: Entity type for entity Extension 3 was not initialized!
[   23.684598] uvcvideo 1-1.6:1.0: Entity type for entity Processing 2 was not initialized!
[   23.684599] uvcvideo 1-1.6:1.0: Entity type for entity Camera 1 was not initialized!
[   23.684690] input: Integrated Camera: Integrated C as /devices/pci0000:00/0000:00:1a.0/usb1/1-1/1-1.6/1-1.6:1.0/input/input15
[   23.684777] usbcore: registered new interface driver uvcvideo
[   23.684778] USB Video Class driver (1.1.1)
[   24.198098] iwlwifi 0000:03:00.0: CONFIG_IWLWIFI_DEBUG disabled
[   24.198099] iwlwifi 0000:03:00.0: CONFIG_IWLWIFI_DEBUGFS enabled
[   24.198100] iwlwifi 0000:03:00.0: CONFIG_IWLWIFI_DEVICE_TRACING enabled
[   24.198101] iwlwifi 0000:03:00.0: Detected Intel(R) Centrino(R) Advanced-N 6205 AGN, REV=0xB0
[   24.287737] ieee80211 phy0: Selected rate control algorithm 'iwl-agn-rs'
[   24.311572] iwlwifi 0000:03:00.0 wlp3s0: renamed from wlan0
[   24.776249] audit: type=1400 audit(1516728493.650:2): apparmor="STATUS" operation="profile_load" profile="unconfined" name="/usr/bin/ubuntu-core-launcher" pid=933 comm="apparmor_parser"
[   24.777378] audit: type=1400 audit(1516728493.650:3): apparmor="STATUS" operation="profile_load" profile="unconfined" name="/usr/lib/snapd/snap-confine" pid=936 comm="apparmor_parser"
[   24.777381] audit: type=1400 audit(1516728493.650:4): apparmor="STATUS" operation="profile_load" profile="unconfined" name="/usr/lib/snapd/snap-confine//mount-namespace-capture-helper" pid=936 comm="apparmor_parser"
[   24.824890] audit: type=1400 audit(1516728493.698:5): apparmor="STATUS" operation="profile_load" profile="unconfined" name="/usr/sbin/ippusbxd" pid=946 comm="apparmor_parser"
[   24.839666] audit: type=1400 audit(1516728493.710:6): apparmor="STATUS" operation="profile_load" profile="unconfined" name="/sbin/dhclient" pid=930 comm="apparmor_parser"
[   24.839669] audit: type=1400 audit(1516728493.710:7): apparmor="STATUS" operation="profile_load" profile="unconfined" name="/usr/lib/NetworkManager/nm-dhcp-client.action" pid=930 comm="apparmor_parser"
[   24.839671] audit: type=1400 audit(1516728493.710:8): apparmor="STATUS" operation="profile_load" profile="unconfined" name="/usr/lib/NetworkManager/nm-dhcp-helper" pid=930 comm="apparmor_parser"
[   24.839673] audit: type=1400 audit(1516728493.710:9): apparmor="STATUS" operation="profile_load" profile="unconfined" name="/usr/lib/connman/scripts/dhclient-script" pid=930 comm="apparmor_parser"
[   24.840010] audit: type=1400 audit(1516728493.710:10): apparmor="STATUS" operation="profile_load" profile="unconfined" name="/usr/sbin/cups-browsed" pid=937 comm="apparmor_parser"
[   24.841993] audit: type=1400 audit(1516728493.714:11): apparmor="STATUS" operation="profile_load" profile="unconfined" name="/usr/lib/lightdm/lightdm-guest-session" pid=929 comm="apparmor_parser"
[   25.644923] thinkpad_acpi: EC reports that Thermal Table has changed
[   26.012373] Adding 7970812k swap on /dev/sda5.  Priority:-2 extents:1 across:7970812k FS
[   26.913046] thinkpad_acpi: EC reports that Thermal Table has changed
[   28.732800] nf_conntrack version 0.5.0 (65536 buckets, 262144 max)
[   29.684393] openvswitch: Open vSwitch switching datapath
[   31.737882] Netfilter messages via NETLINK v0.30.
[   31.775269] ctnetlink v0.93: registering with nfnetlink.
[   33.896888] thinkpad_acpi: EC reports that Thermal Table has changed
[   35.054183] NFSD: Using /var/lib/nfs/v4recovery as the NFSv4 state recovery directory
[   35.109822] NFSD: starting 90-second grace period (net ffffffffba3133c0)
[   37.153014] kauditd_printk_skb: 17 callbacks suppressed
[   37.153023] audit: type=1400 audit(1516728506.026:29): apparmor="DENIED" operation="open" profile="/usr/sbin/mysqld" name="/proc/1286/status" pid=1286 comm="mysqld" requested_mask="r" denied_mask="r" fsuid=128 ouid=128
[   37.153027] audit: type=1400 audit(1516728506.026:30): apparmor="DENIED" operation="open" profile="/usr/sbin/mysqld" name="/sys/devices/system/node/" pid=1286 comm="mysqld" requested_mask="r" denied_mask="r" fsuid=128 ouid=0
[   37.153099] audit: type=1400 audit(1516728506.026:31): apparmor="DENIED" operation="open" profile="/usr/sbin/mysqld" name="/proc/1286/status" pid=1286 comm="mysqld" requested_mask="r" denied_mask="r" fsuid=128 ouid=128
[   37.374242] IPv6: ADDRCONF(NETDEV_UP): enp0s25: link is not ready
[   37.616327] IPv6: ADDRCONF(NETDEV_UP): enp0s25: link is not ready
[   37.718926] IPv6: ADDRCONF(NETDEV_UP): wlp3s0: link is not ready
[   37.730917] iwlwifi 0000:03:00.0: Radio type=0x1-0x2-0x0
[   38.030217] iwlwifi 0000:03:00.0: Radio type=0x1-0x2-0x0
[   38.119585] IPv6: ADDRCONF(NETDEV_UP): wlp3s0: link is not ready
[   38.667807] IPv6: ADDRCONF(NETDEV_UP): wlp3s0: link is not ready
[   42.057157]  Kernel Built by Hamidreza Moradi  fork.c print 2
[   44.925811]  Kernel Built by Hamidreza Moradi  fork.c print 2
[   44.952037]  Kernel Built by Hamidreza Moradi  fork.c print 2
[   50.152875] thinkpad_acpi: EC reports that Thermal Table has changed
[   50.824636]  Kernel Built by Hamidreza Moradi  fork.c print 2
[   53.233279] ip_tables: (C) 2000-2006 Netfilter Core Team
[   53.689438] ip6_tables: (C) 2000-2006 Netfilter Core Team
[   54.250572] Ebtables v2.0 registered
[   54.672801]  Kernel Built by Hamidreza Moradi  fork.c print 2
[   54.974237]  Kernel Built by Hamidreza Moradi  fork.c print 2
[   55.487726]  Kernel Built by Hamidreza Moradi  fork.c print 2
[   59.222744]  Kernel Built by Hamidreza Moradi  fork.c print 2
[   59.222747]  Kernel Built by Hamidreza Moradi  fork.c print 2
[   59.888601] thinkpad_acpi: EC reports that Thermal Table has changed
[   69.665335] thinkpad_acpi: EC reports that Thermal Table has changed
[   73.575907]  Kernel Built by Hamidreza Moradi  fork.c print 2
[   73.576152]  Kernel Built by Hamidreza Moradi  fork.c print 2
[   73.614294]  Kernel Built by Hamidreza Moradi  fork.c print 2
[   73.614334]  Kernel Built by Hamidreza Moradi  fork.c print 2
[   73.657197]  Kernel Built by Hamidreza Moradi  fork.c print 2
[   74.474352]  Kernel Built by Hamidreza Moradi  fork.c print 2
[   75.381860]  Kernel Built by Hamidreza Moradi  fork.c print 2
[   75.705479] bridge: filtering via arp/ip/ip6tables is no longer available by default. Update your scripts to load br_netfilter if you need this.
[   75.812244] virbr0: port 1(virbr0-nic) entered blocking state
[   75.812245] virbr0: port 1(virbr0-nic) entered disabled state
[   75.812324] device virbr0-nic entered promiscuous mode
[   76.410838] wlp3s0: authenticate with ac:a3:1e:e7:08:53
[   76.413785] wlp3s0: send auth to ac:a3:1e:e7:08:53 (try 1/3)
[   76.489699] wlp3s0: authenticated
[   76.492056] wlp3s0: associate with ac:a3:1e:e7:08:53 (try 1/3)
[   76.492745] wlp3s0: RX AssocResp from ac:a3:1e:e7:08:53 (capab=0x1 status=0 aid=2)
[   76.495204] wlp3s0: associated
[   76.495346] IPv6: ADDRCONF(NETDEV_CHANGE): wlp3s0: link becomes ready
[   76.588885] wlp3s0: Limiting TX power to 36 (36 - 0) dBm as advertised by ac:a3:1e:e7:08:53
[   77.928592] thinkpad_acpi: EC reports that Thermal Table has changed
[   78.319630]  Kernel Built by Hamidreza Moradi  fork.c print 2
[   78.487079]  Kernel Built by Hamidreza Moradi  fork.c print 2
[   78.487084]  Kernel Built by Hamidreza Moradi  fork.c print 2
[   78.487084]  Kernel Built by Hamidreza Moradi  fork.c print 2
[   79.974913] thinkpad_acpi: EC reports that Thermal Table has changed
[   80.158819]  Kernel Built by Hamidreza Moradi  fork.c print 2
[   80.408050]  Kernel Built by Hamidreza Moradi  fork.c print 2
[   80.493607]  Kernel Built by Hamidreza Moradi  fork.c print 2
[   80.865192]  Kernel Built by Hamidreza Moradi  fork.c print 2
[   81.622460]  Kernel Built by Hamidreza Moradi  fork.c print 2
[   82.336918] virbr0: port 1(virbr0-nic) entered blocking state
[   82.336920] virbr0: port 1(virbr0-nic) entered listening state
[   82.702197]  Kernel Built by Hamidreza Moradi  fork.c print 2
[   82.851133]  Kernel Built by Hamidreza Moradi  fork.c print 2
[   83.862518] virbr0: port 1(virbr0-nic) entered disabled state
[   83.864641] device virbr0-nic left promiscuous mode
[   83.864656] virbr0: port 1(virbr0-nic) entered disabled state
[   88.868647] thinkpad_acpi: EC reports that Thermal Table has changed
[  107.245219]  Kernel Built by Hamidreza Moradi  fork.c print 2
[  108.106719]  Kernel Built by Hamidreza Moradi  fork.c print 2
[  109.264311]  Kernel Built by Hamidreza Moradi  fork.c print 2
[  110.098225]  Kernel Built by Hamidreza Moradi  fork.c print 2
[  110.165056]  Kernel Built by Hamidreza Moradi  fork.c print 2
[  110.374402]  Kernel Built by Hamidreza Moradi  fork.c print 2
[  146.973567]  Kernel Built by Hamidreza Moradi  fork.c print 2
[  146.993399]  Kernel Built by Hamidreza Moradi  fork.c print 2
[  146.993401]  Kernel Built by Hamidreza Moradi  fork.c print 2
[  147.023245]  Kernel Built by Hamidreza Moradi  fork.c print 2
[  147.064302]  Kernel Built by Hamidreza Moradi  fork.c print 2
[  147.089317]  Kernel Built by Hamidreza Moradi  fork.c print 2
[  147.089320]  Kernel Built by Hamidreza Moradi  fork.c print 2
[  147.118487]  Kernel Built by Hamidreza Moradi  fork.c print 2
[  147.121295]  Kernel Built by Hamidreza Moradi  fork.c print 2
[  147.145671]  Kernel Built by Hamidreza Moradi  fork.c print 2
[  147.145674]  Kernel Built by Hamidreza Moradi  fork.c print 2
[  147.174963]  Kernel Built by Hamidreza Moradi  fork.c print 2
[  175.145042]  Kernel Built by Hamidreza Moradi  fork.c print 2
[  175.145042]  Kernel Built by Hamidreza Moradi  fork.c print 2
[  673.234145]  Kernel Built by Hamidreza Moradi  fork.c print 2
[ 2473.259906]  Kernel Built by Hamidreza Moradi  fork.c print 2
[ 4273.296185]  Kernel Built by Hamidreza Moradi  fork.c print 2
[ 6073.303498]  Kernel Built by Hamidreza Moradi  fork.c print 2
[ 7873.322392]  Kernel Built by Hamidreza Moradi  fork.c print 2
[ 9673.334189]  Kernel Built by Hamidreza Moradi  fork.c print 2
[11473.358887]  Kernel Built by Hamidreza Moradi  fork.c print 2
[13273.372310]  Kernel Built by Hamidreza Moradi  fork.c print 2
[15072.395342]  Kernel Built by Hamidreza Moradi  fork.c print 2
[16872.409024]  Kernel Built by Hamidreza Moradi  fork.c print 2
[18672.431927]  Kernel Built by Hamidreza Moradi  fork.c print 2
[20472.451032]  Kernel Built by Hamidreza Moradi  fork.c print 2
[22272.471905]  Kernel Built by Hamidreza Moradi  fork.c print 2
[24072.485181]  Kernel Built by Hamidreza Moradi  fork.c print 2
[25872.506032]  Kernel Built by Hamidreza Moradi  fork.c print 2
[27672.512653]  Kernel Built by Hamidreza Moradi  fork.c print 2
[29472.529081]  Kernel Built by Hamidreza Moradi  fork.c print 2
[31272.541984]  Kernel Built by Hamidreza Moradi  fork.c print 2
[33072.563515]  Kernel Built by Hamidreza Moradi  fork.c print 2
[34872.574763]  Kernel Built by Hamidreza Moradi  fork.c print 2
[36672.595815]  Kernel Built by Hamidreza Moradi  fork.c print 2
[38472.608020]  Kernel Built by Hamidreza Moradi  fork.c print 2
[40272.627925]  Kernel Built by Hamidreza Moradi  fork.c print 2
[42072.153798]  Kernel Built by Hamidreza Moradi  fork.c print 2
[43872.174768]  Kernel Built by Hamidreza Moradi  fork.c print 2
[45672.186952]  Kernel Built by Hamidreza Moradi  fork.c print 2
[47472.207597]  Kernel Built by Hamidreza Moradi  fork.c print 2
[49272.223107]  Kernel Built by Hamidreza Moradi  fork.c print 2
[51072.241187]  Kernel Built by Hamidreza Moradi  fork.c print 2
[52872.254859]  Kernel Built by Hamidreza Moradi  fork.c print 2
[53483.986341]  Kernel Built by Hamidreza Moradi  fork.c print 2
[53605.098651]  Kernel Built by Hamidreza Moradi  fork.c print 2
[53605.118258]  Kernel Built by Hamidreza Moradi  fork.c print 2
[53605.118260]  Kernel Built by Hamidreza Moradi  fork.c print 2
[53605.148579]  Kernel Built by Hamidreza Moradi  fork.c print 2
[53605.151415]  Kernel Built by Hamidreza Moradi  fork.c print 2
[53605.170999]  Kernel Built by Hamidreza Moradi  fork.c print 2
[53605.171001]  Kernel Built by Hamidreza Moradi  fork.c print 2
[53605.201587]  Kernel Built by Hamidreza Moradi  fork.c print 2
[53605.203769]  Kernel Built by Hamidreza Moradi  fork.c print 2
[53605.217801]  Kernel Built by Hamidreza Moradi  fork.c print 2
[53605.217803]  Kernel Built by Hamidreza Moradi  fork.c print 2
[53605.247693]  Kernel Built by Hamidreza Moradi  fork.c print 2
[54672.275591]  Kernel Built by Hamidreza Moradi  fork.c print 2
[56472.290306]  Kernel Built by Hamidreza Moradi  fork.c print 2
[58272.312831]  Kernel Built by Hamidreza Moradi  fork.c print 2
[60072.325260]  Kernel Built by Hamidreza Moradi  fork.c print 2
[61872.345763]  Kernel Built by Hamidreza Moradi  fork.c print 2
[63672.358391]  Kernel Built by Hamidreza Moradi  fork.c print 2
[65472.379454]  Kernel Built by Hamidreza Moradi  fork.c print 2
[67272.393863]  Kernel Built by Hamidreza Moradi  fork.c print 2
[68611.000399]  Kernel Built by Hamidreza Moradi  fork.c print 2
[68611.025552]  Kernel Built by Hamidreza Moradi  fork.c print 2
[68615.428517]  Kernel Built by Hamidreza Moradi  fork.c print 2
[68615.477154]  Kernel Built by Hamidreza Moradi  fork.c print 2
[68615.610837]  Kernel Built by Hamidreza Moradi  fork.c print 2
[68615.637412]  Kernel Built by Hamidreza Moradi  fork.c print 2
[68724.967815]  Kernel Built by Hamidreza Moradi  fork.c print 2
[68724.984859]  Kernel Built by Hamidreza Moradi  fork.c print 2
[68724.984861]  Kernel Built by Hamidreza Moradi  fork.c print 2
[68725.015701]  Kernel Built by Hamidreza Moradi  fork.c print 2
[68725.018492]  Kernel Built by Hamidreza Moradi  fork.c print 2
[68725.038909]  Kernel Built by Hamidreza Moradi  fork.c print 2
[68725.038912]  Kernel Built by Hamidreza Moradi  fork.c print 2
[68725.069949]  Kernel Built by Hamidreza Moradi  fork.c print 2
[68725.072058]  Kernel Built by Hamidreza Moradi  fork.c print 2
[68725.086163]  Kernel Built by Hamidreza Moradi  fork.c print 2
[68725.086165]  Kernel Built by Hamidreza Moradi  fork.c print 2
[68725.116957]  Kernel Built by Hamidreza Moradi  fork.c print 2
[68725.118971]  Kernel Built by Hamidreza Moradi  fork.c print 2
[68725.162806]  Kernel Built by Hamidreza Moradi  fork.c print 2
[69072.422644]  Kernel Built by Hamidreza Moradi  fork.c print 2
[70872.435669]  Kernel Built by Hamidreza Moradi  fork.c print 2
[72465.068267]  Kernel Built by Hamidreza Moradi  fork.c print 2
[72672.529050]  Kernel Built by Hamidreza Moradi  fork.c print 2
[74472.544917]  Kernel Built by Hamidreza Moradi  fork.c print 2
[76272.567811]  Kernel Built by Hamidreza Moradi  fork.c print 2
[78072.580388]  Kernel Built by Hamidreza Moradi  fork.c print 2
[79872.598015]  Kernel Built by Hamidreza Moradi  fork.c print 2
[81672.609750]  Kernel Built by Hamidreza Moradi  fork.c print 2
[83472.632891]  Kernel Built by Hamidreza Moradi  fork.c print 2
[85272.647076]  Kernel Built by Hamidreza Moradi  fork.c print 2
[87071.667662]  Kernel Built by Hamidreza Moradi  fork.c print 2
[88871.681136]  Kernel Built by Hamidreza Moradi  fork.c print 2
[90671.701599]  Kernel Built by Hamidreza Moradi  fork.c print 2
[92471.715027]  Kernel Built by Hamidreza Moradi  fork.c print 2
[93151.649026] perf: interrupt took too long (2537 > 2500), lowering kernel.perf_event_max_sample_rate to 78750
[94271.737114]  Kernel Built by Hamidreza Moradi  fork.c print 2
[96071.749760]  Kernel Built by Hamidreza Moradi  fork.c print 2
[97871.771255]  Kernel Built by Hamidreza Moradi  fork.c print 2
[99671.787276]  Kernel Built by Hamidreza Moradi  fork.c print 2
[101471.807242]  Kernel Built by Hamidreza Moradi  fork.c print 2
[103271.821171]  Kernel Built by Hamidreza Moradi  fork.c print 2
[105071.843417]  Kernel Built by Hamidreza Moradi  fork.c print 2
[106871.856471]  Kernel Built by Hamidreza Moradi  fork.c print 2
[108671.877712]  Kernel Built by Hamidreza Moradi  fork.c print 2
[110471.893103]  Kernel Built by Hamidreza Moradi  fork.c print 2
[112271.915620]  Kernel Built by Hamidreza Moradi  fork.c print 2
[114071.930816]  Kernel Built by Hamidreza Moradi  fork.c print 2
[115871.951489]  Kernel Built by Hamidreza Moradi  fork.c print 2
[117671.965130]  Kernel Built by Hamidreza Moradi  fork.c print 2
[119092.152219] perf: interrupt took too long (3179 > 3171), lowering kernel.perf_event_max_sample_rate to 62750
[119471.986341]  Kernel Built by Hamidreza Moradi  fork.c print 2
[121271.997041]  Kernel Built by Hamidreza Moradi  fork.c print 2
[123072.021141]  Kernel Built by Hamidreza Moradi  fork.c print 2
[124872.033340]  Kernel Built by Hamidreza Moradi  fork.c print 2
[126672.058045]  Kernel Built by Hamidreza Moradi  fork.c print 2
[128472.079762]  Kernel Built by Hamidreza Moradi  fork.c print 2
[130272.102347]  Kernel Built by Hamidreza Moradi  fork.c print 2
[132072.114343]  Kernel Built by Hamidreza Moradi  fork.c print 2
[133872.135201]  Kernel Built by Hamidreza Moradi  fork.c print 2
[135671.147903]  Kernel Built by Hamidreza Moradi  fork.c print 2
[137471.170032]  Kernel Built by Hamidreza Moradi  fork.c print 2
[139271.182834]  Kernel Built by Hamidreza Moradi  fork.c print 2
[141071.209448]  Kernel Built by Hamidreza Moradi  fork.c print 2
[142871.223463]  Kernel Built by Hamidreza Moradi  fork.c print 2
[144671.238141]  Kernel Built by Hamidreza Moradi  fork.c print 2
[146471.246800]  Kernel Built by Hamidreza Moradi  fork.c print 2
[148271.273266]  Kernel Built by Hamidreza Moradi  fork.c print 2
[150071.287501]  Kernel Built by Hamidreza Moradi  fork.c print 2
[151654.637453] wlp3s0: authenticate with ac:a3:1e:e4:77:f3
[151654.640355] wlp3s0: send auth to ac:a3:1e:e4:77:f3 (try 1/3)
[151654.672168] wlp3s0: authenticated
[151654.680176] wlp3s0: associate with ac:a3:1e:e4:77:f3 (try 1/3)
[151654.680874] wlp3s0: RX AssocResp from ac:a3:1e:e4:77:f3 (capab=0x1 status=0 aid=1)
[151654.683061] wlp3s0: associated
[151654.774004] wlp3s0: Limiting TX power to 30 (30 - 0) dBm as advertised by ac:a3:1e:e4:77:f3
[151871.308479]  Kernel Built by Hamidreza Moradi  fork.c print 2
[153391.500505]  Kernel Built by Hamidreza Moradi  fork.c print 2
[153504.214018]  Kernel Built by Hamidreza Moradi  fork.c print 2
[153504.229136]  Kernel Built by Hamidreza Moradi  fork.c print 2
[153504.229138]  Kernel Built by Hamidreza Moradi  fork.c print 2
[153504.260922]  Kernel Built by Hamidreza Moradi  fork.c print 2
[153504.263685]  Kernel Built by Hamidreza Moradi  fork.c print 2
[153504.279565]  Kernel Built by Hamidreza Moradi  fork.c print 2
[153504.279568]  Kernel Built by Hamidreza Moradi  fork.c print 2
[153504.311528]  Kernel Built by Hamidreza Moradi  fork.c print 2
[153504.314747]  Kernel Built by Hamidreza Moradi  fork.c print 2
[153504.332533]  Kernel Built by Hamidreza Moradi  fork.c print 2
[153504.332535]  Kernel Built by Hamidreza Moradi  fork.c print 2
[153504.365021]  Kernel Built by Hamidreza Moradi  fork.c print 2
[153504.367120]  Kernel Built by Hamidreza Moradi  fork.c print 2
[153504.409868]  Kernel Built by Hamidreza Moradi  fork.c print 2
[153671.322057]  Kernel Built by Hamidreza Moradi  fork.c print 2
[155124.186973]  Kernel Built by Hamidreza Moradi  fork.c print 2
[155124.204805]  Kernel Built by Hamidreza Moradi  fork.c print 2
[155124.204807]  Kernel Built by Hamidreza Moradi  fork.c print 2
[155124.236954]  Kernel Built by Hamidreza Moradi  fork.c print 2
[155124.238976]  Kernel Built by Hamidreza Moradi  fork.c print 2
[155124.251493]  Kernel Built by Hamidreza Moradi  fork.c print 2
[155124.251495]  Kernel Built by Hamidreza Moradi  fork.c print 2
[155124.283571]  Kernel Built by Hamidreza Moradi  fork.c print 2
[155124.286350]  Kernel Built by Hamidreza Moradi  fork.c print 2
[155124.301999]  Kernel Built by Hamidreza Moradi  fork.c print 2
[155124.302001]  Kernel Built by Hamidreza Moradi  fork.c print 2
[155124.334438]  Kernel Built by Hamidreza Moradi  fork.c print 2
[155124.337645]  Kernel Built by Hamidreza Moradi  fork.c print 2
[155124.386071]  Kernel Built by Hamidreza Moradi  fork.c print 2
[155471.350774]  Kernel Built by Hamidreza Moradi  fork.c print 2
[155603.666597]  Kernel Built by Hamidreza Moradi  fork.c print 2
[155664.064025]  Kernel Built by Hamidreza Moradi  fork.c print 2
[155664.079685]  Kernel Built by Hamidreza Moradi  fork.c print 2
[155664.079687]  Kernel Built by Hamidreza Moradi  fork.c print 2
[155664.111488]  Kernel Built by Hamidreza Moradi  fork.c print 2
[155664.114261]  Kernel Built by Hamidreza Moradi  fork.c print 2
[155664.132333]  Kernel Built by Hamidreza Moradi  fork.c print 2
[155664.132335]  Kernel Built by Hamidreza Moradi  fork.c print 2
[155664.169439]  Kernel Built by Hamidreza Moradi  fork.c print 2
[155664.173333]  Kernel Built by Hamidreza Moradi  fork.c print 2
[155664.190796]  Kernel Built by Hamidreza Moradi  fork.c print 2
[155664.190798]  Kernel Built by Hamidreza Moradi  fork.c print 2
[155664.222965]  Kernel Built by Hamidreza Moradi  fork.c print 2
[155664.225715]  Kernel Built by Hamidreza Moradi  fork.c print 2
[155664.274942]  Kernel Built by Hamidreza Moradi  fork.c print 2
[156905.582143] wlp3s0: authenticate with ac:a3:1e:e7:08:43
[156905.584864] wlp3s0: send auth to ac:a3:1e:e7:08:43 (try 1/3)
[156905.586167] wlp3s0: authenticated
[156905.586529] wlp3s0: waiting for beacon from ac:a3:1e:e7:08:43
[156905.654046] wlp3s0: associate with ac:a3:1e:e7:08:43 (try 1/3)
[156905.656002] wlp3s0: RX AssocResp from ac:a3:1e:e7:08:43 (capab=0x421 status=0 aid=1)
[156905.658095] wlp3s0: associated
[156905.755953] wlp3s0: Limiting TX power to 36 (36 - 0) dBm as advertised by ac:a3:1e:e7:08:43
[156932.625629] wlp3s0: disconnect from AP ac:a3:1e:e7:08:43 for new auth to ac:a3:1e:e7:08:53
[156932.659153] wlp3s0: authenticate with ac:a3:1e:e7:08:53
[156932.661635] wlp3s0: send auth to ac:a3:1e:e7:08:53 (try 1/3)
[156932.699187] wlp3s0: authenticated
[156932.701768] wlp3s0: associate with ac:a3:1e:e7:08:53 (try 1/3)
[156932.702458] wlp3s0: RX ReassocResp from ac:a3:1e:e7:08:53 (capab=0x1 status=0 aid=2)
[156932.704745] wlp3s0: associated
[156932.800742] wlp3s0: Limiting TX power to 36 (36 - 0) dBm as advertised by ac:a3:1e:e7:08:53
[157271.364439]  Kernel Built by Hamidreza Moradi  fork.c print 2
[158923.089250]  Kernel Built by Hamidreza Moradi  fork.c print 2
[159071.433786]  Kernel Built by Hamidreza Moradi  fork.c print 2
[160871.453281]  Kernel Built by Hamidreza Moradi  fork.c print 2
[162671.475371]  Kernel Built by Hamidreza Moradi  fork.c print 2
[164471.491039]  Kernel Built by Hamidreza Moradi  fork.c print 2
[166271.516679]  Kernel Built by Hamidreza Moradi  fork.c print 2
[168071.530097]  Kernel Built by Hamidreza Moradi  fork.c print 2
[169871.544833]  Kernel Built by Hamidreza Moradi  fork.c print 2
[171671.558669]  Kernel Built by Hamidreza Moradi  fork.c print 2
[173471.579961]  Kernel Built by Hamidreza Moradi  fork.c print 2
[175271.593337]  Kernel Built by Hamidreza Moradi  fork.c print 2
[177071.615259]  Kernel Built by Hamidreza Moradi  fork.c print 2
[178498.564955] perf: interrupt took too long (4001 > 3973), lowering kernel.perf_event_max_sample_rate to 49750
[178871.618240]  Kernel Built by Hamidreza Moradi  fork.c print 2
[180671.636705]  Kernel Built by Hamidreza Moradi  fork.c print 2
[182470.651662]  Kernel Built by Hamidreza Moradi  fork.c print 2
[184270.676893]  Kernel Built by Hamidreza Moradi  fork.c print 2
[186070.688965]  Kernel Built by Hamidreza Moradi  fork.c print 2
[187870.711396]  Kernel Built by Hamidreza Moradi  fork.c print 2
[189670.723177]  Kernel Built by Hamidreza Moradi  fork.c print 2
[191470.743618]  Kernel Built by Hamidreza Moradi  fork.c print 2
[193270.759899]  Kernel Built by Hamidreza Moradi  fork.c print 2
[195070.782595]  Kernel Built by Hamidreza Moradi  fork.c print 2
[196870.799455]  Kernel Built by Hamidreza Moradi  fork.c print 2
[198670.817504]  Kernel Built by Hamidreza Moradi  fork.c print 2
[200470.830665]  Kernel Built by Hamidreza Moradi  fork.c print 2
[201084.326411]  Kernel Built by Hamidreza Moradi  fork.c print 2
[201086.641505]  Kernel Built by Hamidreza Moradi  fork.c print 2
[201147.292997]  Kernel Built by Hamidreza Moradi  fork.c print 2
[202270.851247]  Kernel Built by Hamidreza Moradi  fork.c print 2
[202947.342571]  Kernel Built by Hamidreza Moradi  fork.c print 2
[204070.867589]  Kernel Built by Hamidreza Moradi  fork.c print 2
[204747.377812]  Kernel Built by Hamidreza Moradi  fork.c print 2
[205870.889907]  Kernel Built by Hamidreza Moradi  fork.c print 2
[206547.407436]  Kernel Built by Hamidreza Moradi  fork.c print 2
[207670.904788]  Kernel Built by Hamidreza Moradi  fork.c print 2
[208347.436990]  Kernel Built by Hamidreza Moradi  fork.c print 2
[209470.926837]  Kernel Built by Hamidreza Moradi  fork.c print 2
[210147.468134]  Kernel Built by Hamidreza Moradi  fork.c print 2
[211270.942378]  Kernel Built by Hamidreza Moradi  fork.c print 2
[211947.500592]  Kernel Built by Hamidreza Moradi  fork.c print 2
[213070.965817]  Kernel Built by Hamidreza Moradi  fork.c print 2
[213747.531231]  Kernel Built by Hamidreza Moradi  fork.c print 2
[214870.991624]  Kernel Built by Hamidreza Moradi  fork.c print 2
[215547.561245]  Kernel Built by Hamidreza Moradi  fork.c print 2
[216671.015743]  Kernel Built by Hamidreza Moradi  fork.c print 2
[217347.584103]  Kernel Built by Hamidreza Moradi  fork.c print 2
[218471.012358]  Kernel Built by Hamidreza Moradi  fork.c print 2
[219147.597549]  Kernel Built by Hamidreza Moradi  fork.c print 2
[220271.028868]  Kernel Built by Hamidreza Moradi  fork.c print 2
[220947.621608]  Kernel Built by Hamidreza Moradi  fork.c print 2
[222071.067984]  Kernel Built by Hamidreza Moradi  fork.c print 2
[222747.686860]  Kernel Built by Hamidreza Moradi  fork.c print 2
[223871.097518]  Kernel Built by Hamidreza Moradi  fork.c print 2
[224547.711391]  Kernel Built by Hamidreza Moradi  fork.c print 2
[225671.109559]  Kernel Built by Hamidreza Moradi  fork.c print 2
[226347.737405]  Kernel Built by Hamidreza Moradi  fork.c print 2
[227471.132522]  Kernel Built by Hamidreza Moradi  fork.c print 2
[228147.764650]  Kernel Built by Hamidreza Moradi  fork.c print 2
[229271.147504]  Kernel Built by Hamidreza Moradi  fork.c print 2
[229947.795018]  Kernel Built by Hamidreza Moradi  fork.c print 2
[231070.169725]  Kernel Built by Hamidreza Moradi  fork.c print 2
[231747.821608]  Kernel Built by Hamidreza Moradi  fork.c print 2
[232870.185510]  Kernel Built by Hamidreza Moradi  fork.c print 2
[233547.849613]  Kernel Built by Hamidreza Moradi  fork.c print 2
[234670.206585]  Kernel Built by Hamidreza Moradi  fork.c print 2
[235347.879600]  Kernel Built by Hamidreza Moradi  fork.c print 2
[236470.224504]  Kernel Built by Hamidreza Moradi  fork.c print 2
[237147.913818]  Kernel Built by Hamidreza Moradi  fork.c print 2
[238270.247442]  Kernel Built by Hamidreza Moradi  fork.c print 2
[238947.944128]  Kernel Built by Hamidreza Moradi  fork.c print 2
[240070.263667]  Kernel Built by Hamidreza Moradi  fork.c print 2
[240623.227989]  Kernel Built by Hamidreza Moradi  fork.c print 2
[240623.243789]  Kernel Built by Hamidreza Moradi  fork.c print 2
[240623.243791]  Kernel Built by Hamidreza Moradi  fork.c print 2
[240623.278419]  Kernel Built by Hamidreza Moradi  fork.c print 2
[240623.278750]  Kernel Built by Hamidreza Moradi  fork.c print 2
[240623.280801]  Kernel Built by Hamidreza Moradi  fork.c print 2
[240623.280803]  Kernel Built by Hamidreza Moradi  fork.c print 2
[240623.295549]  Kernel Built by Hamidreza Moradi  fork.c print 2
[240623.298693]  Kernel Built by Hamidreza Moradi  fork.c print 2
[240623.317806]  Kernel Built by Hamidreza Moradi  fork.c print 2
[240623.317808]  Kernel Built by Hamidreza Moradi  fork.c print 2
[240623.351628]  Kernel Built by Hamidreza Moradi  fork.c print 2
[240623.351933]  Kernel Built by Hamidreza Moradi  fork.c print 2
[240623.353937]  Kernel Built by Hamidreza Moradi  fork.c print 2
[240623.353939]  Kernel Built by Hamidreza Moradi  fork.c print 2
[240623.368346]  Kernel Built by Hamidreza Moradi  fork.c print 2
[240623.371437]  Kernel Built by Hamidreza Moradi  fork.c print 2
[240623.390157]  Kernel Built by Hamidreza Moradi  fork.c print 2
[240623.390159]  Kernel Built by Hamidreza Moradi  fork.c print 2
[240623.424262]  Kernel Built by Hamidreza Moradi  fork.c print 2
[240623.424627]  Kernel Built by Hamidreza Moradi  fork.c print 2
[240623.426551]  Kernel Built by Hamidreza Moradi  fork.c print 2
[240623.426553]  Kernel Built by Hamidreza Moradi  fork.c print 2
[240623.440915]  Kernel Built by Hamidreza Moradi  fork.c print 2
[240623.444043]  Kernel Built by Hamidreza Moradi  fork.c print 2
[240623.495666]  Kernel Built by Hamidreza Moradi  fork.c print 2
[240623.495967]  Kernel Built by Hamidreza Moradi  fork.c print 2
[240623.497995]  Kernel Built by Hamidreza Moradi  fork.c print 2
[240623.497997]  Kernel Built by Hamidreza Moradi  fork.c print 2
[240623.512796]  Kernel Built by Hamidreza Moradi  fork.c print 2
[240747.974351]  Kernel Built by Hamidreza Moradi  fork.c print 2
[241523.292178]  Kernel Built by Hamidreza Moradi  fork.c print 2
[241523.311361]  Kernel Built by Hamidreza Moradi  fork.c print 2
[241523.311364]  Kernel Built by Hamidreza Moradi  fork.c print 2
[241523.345740]  Kernel Built by Hamidreza Moradi  fork.c print 2
[241523.346046]  Kernel Built by Hamidreza Moradi  fork.c print 2
[241523.348023]  Kernel Built by Hamidreza Moradi  fork.c print 2
[241523.348026]  Kernel Built by Hamidreza Moradi  fork.c print 2
[241523.362449]  Kernel Built by Hamidreza Moradi  fork.c print 2
[241523.366275]  Kernel Built by Hamidreza Moradi  fork.c print 2
[241523.382995]  Kernel Built by Hamidreza Moradi  fork.c print 2
[241523.382997]  Kernel Built by Hamidreza Moradi  fork.c print 2
[241523.417498]  Kernel Built by Hamidreza Moradi  fork.c print 2
[241523.417803]  Kernel Built by Hamidreza Moradi  fork.c print 2
[241523.419760]  Kernel Built by Hamidreza Moradi  fork.c print 2
[241523.419762]  Kernel Built by Hamidreza Moradi  fork.c print 2
[241523.434272]  Kernel Built by Hamidreza Moradi  fork.c print 2
[241523.437494]  Kernel Built by Hamidreza Moradi  fork.c print 2
[241523.456601]  Kernel Built by Hamidreza Moradi  fork.c print 2
[241523.456603]  Kernel Built by Hamidreza Moradi  fork.c print 2
[241523.491198]  Kernel Built by Hamidreza Moradi  fork.c print 2
[241523.491521]  Kernel Built by Hamidreza Moradi  fork.c print 2
[241523.493436]  Kernel Built by Hamidreza Moradi  fork.c print 2
[241523.493438]  Kernel Built by Hamidreza Moradi  fork.c print 2
[241523.507777]  Kernel Built by Hamidreza Moradi  fork.c print 2
[241523.510031]  Kernel Built by Hamidreza Moradi  fork.c print 2
[241523.555885]  Kernel Built by Hamidreza Moradi  fork.c print 2
[241523.556184]  Kernel Built by Hamidreza Moradi  fork.c print 2
[241523.558076]  Kernel Built by Hamidreza Moradi  fork.c print 2
[241523.558078]  Kernel Built by Hamidreza Moradi  fork.c print 2
[241523.572582]  Kernel Built by Hamidreza Moradi  fork.c print 2
[241870.293961]  Kernel Built by Hamidreza Moradi  fork.c print 2
[242548.005966]  Kernel Built by Hamidreza Moradi  fork.c print 2
[243670.309880]  Kernel Built by Hamidreza Moradi  fork.c print 2
[244348.036292]  Kernel Built by Hamidreza Moradi  fork.c print 2
[245302.553473]  Kernel Built by Hamidreza Moradi  fork.c print 2
[245470.383952]  Kernel Built by Hamidreza Moradi  fork.c print 2
[246148.066634]  Kernel Built by Hamidreza Moradi  fork.c print 2
[247270.400156]  Kernel Built by Hamidreza Moradi  fork.c print 2
[247948.097374]  Kernel Built by Hamidreza Moradi  fork.c print 2
[249070.424636]  Kernel Built by Hamidreza Moradi  fork.c print 2
[249748.126706]  Kernel Built by Hamidreza Moradi  fork.c print 2
[250870.441397]  Kernel Built by Hamidreza Moradi  fork.c print 2
[251548.155624]  Kernel Built by Hamidreza Moradi  fork.c print 2
[252670.463210]  Kernel Built by Hamidreza Moradi  fork.c print 2
[253348.189643]  Kernel Built by Hamidreza Moradi  fork.c print 2
[254470.477524]  Kernel Built by Hamidreza Moradi  fork.c print 2
[255148.220908]  Kernel Built by Hamidreza Moradi  fork.c print 2
[256270.498676]  Kernel Built by Hamidreza Moradi  fork.c print 2
[256948.253539]  Kernel Built by Hamidreza Moradi  fork.c print 2
[258070.513425]  Kernel Built by Hamidreza Moradi  fork.c print 2
[258748.288442]  Kernel Built by Hamidreza Moradi  fork.c print 2
[259870.534564]  Kernel Built by Hamidreza Moradi  fork.c print 2
[260548.320671]  Kernel Built by Hamidreza Moradi  fork.c print 2
[261216.017423] perf: interrupt took too long (5024 > 5001), lowering kernel.perf_event_max_sample_rate to 39750
[261670.550176]  Kernel Built by Hamidreza Moradi  fork.c print 2
[262348.352044]  Kernel Built by Hamidreza Moradi  fork.c print 2
[263470.569332]  Kernel Built by Hamidreza Moradi  fork.c print 2
[264148.380292]  Kernel Built by Hamidreza Moradi  fork.c print 2
[265270.583233]  Kernel Built by Hamidreza Moradi  fork.c print 2
[265948.410152]  Kernel Built by Hamidreza Moradi  fork.c print 2
[266909.412230]  Kernel Built by Hamidreza Moradi  fork.c print 2
[267070.606210]  Kernel Built by Hamidreza Moradi  fork.c print 2
[267083.080374]  Kernel Built by Hamidreza Moradi  fork.c print 2
[267083.095160]  Kernel Built by Hamidreza Moradi  fork.c print 2
[267083.095162]  Kernel Built by Hamidreza Moradi  fork.c print 2
[267083.129276]  Kernel Built by Hamidreza Moradi  fork.c print 2
[267083.129582]  Kernel Built by Hamidreza Moradi  fork.c print 2
[267083.131451]  Kernel Built by Hamidreza Moradi  fork.c print 2
[267083.131453]  Kernel Built by Hamidreza Moradi  fork.c print 2
[267083.145704]  Kernel Built by Hamidreza Moradi  fork.c print 2
[267083.148757]  Kernel Built by Hamidreza Moradi  fork.c print 2
[267083.163921]  Kernel Built by Hamidreza Moradi  fork.c print 2
[267083.163923]  Kernel Built by Hamidreza Moradi  fork.c print 2
[267083.198320]  Kernel Built by Hamidreza Moradi  fork.c print 2
[267083.198625]  Kernel Built by Hamidreza Moradi  fork.c print 2
[267083.200497]  Kernel Built by Hamidreza Moradi  fork.c print 2
[267083.200499]  Kernel Built by Hamidreza Moradi  fork.c print 2
[267083.214437]  Kernel Built by Hamidreza Moradi  fork.c print 2
[267083.217795]  Kernel Built by Hamidreza Moradi  fork.c print 2
[267083.236155]  Kernel Built by Hamidreza Moradi  fork.c print 2
[267083.236158]  Kernel Built by Hamidreza Moradi  fork.c print 2
[267083.270509]  Kernel Built by Hamidreza Moradi  fork.c print 2
[267083.270814]  Kernel Built by Hamidreza Moradi  fork.c print 2
[267083.272687]  Kernel Built by Hamidreza Moradi  fork.c print 2
[267083.272689]  Kernel Built by Hamidreza Moradi  fork.c print 2
[267083.286762]  Kernel Built by Hamidreza Moradi  fork.c print 2
[267083.290047]  Kernel Built by Hamidreza Moradi  fork.c print 2
[267083.341442]  Kernel Built by Hamidreza Moradi  fork.c print 2
[267083.341745]  Kernel Built by Hamidreza Moradi  fork.c print 2
[267083.343611]  Kernel Built by Hamidreza Moradi  fork.c print 2
[267083.343613]  Kernel Built by Hamidreza Moradi  fork.c print 2
[267083.357726]  Kernel Built by Hamidreza Moradi  fork.c print 2
[267748.441280]  Kernel Built by Hamidreza Moradi  fork.c print 2
[268870.622840]  Kernel Built by Hamidreza Moradi  fork.c print 2
[269548.476679]  Kernel Built by Hamidreza Moradi  fork.c print 2
[270670.647072]  Kernel Built by Hamidreza Moradi  fork.c print 2
[271348.510292]  Kernel Built by Hamidreza Moradi  fork.c print 2
[272470.663123]  Kernel Built by Hamidreza Moradi  fork.c print 2
[273148.540741]  Kernel Built by Hamidreza Moradi  fork.c print 2
[274270.690149]  Kernel Built by Hamidreza Moradi  fork.c print 2
[274948.574787]  Kernel Built by Hamidreza Moradi  fork.c print 2
[276069.707133]  Kernel Built by Hamidreza Moradi  fork.c print 2
[276748.608447]  Kernel Built by Hamidreza Moradi  fork.c print 2
[277869.720952]  Kernel Built by Hamidreza Moradi  fork.c print 2
[278548.630792]  Kernel Built by Hamidreza Moradi  fork.c print 2
[279669.737296]  Kernel Built by Hamidreza Moradi  fork.c print 2
[280348.663538]  Kernel Built by Hamidreza Moradi  fork.c print 2
[281469.759506]  Kernel Built by Hamidreza Moradi  fork.c print 2
[282148.696956]  Kernel Built by Hamidreza Moradi  fork.c print 2
[283269.776041]  Kernel Built by Hamidreza Moradi  fork.c print 2
[283948.728982]  Kernel Built by Hamidreza Moradi  fork.c print 2
[285069.799234]  Kernel Built by Hamidreza Moradi  fork.c print 2
[285748.758289]  Kernel Built by Hamidreza Moradi  fork.c print 2
[286869.814663]  Kernel Built by Hamidreza Moradi  fork.c print 2
[287548.786834]  Kernel Built by Hamidreza Moradi  fork.c print 2
[288669.834164]  Kernel Built by Hamidreza Moradi  fork.c print 2
[289348.816500]  Kernel Built by Hamidreza Moradi  fork.c print 2
[290469.849958]  Kernel Built by Hamidreza Moradi  fork.c print 2
[291148.849129]  Kernel Built by Hamidreza Moradi  fork.c print 2
[292269.872609]  Kernel Built by Hamidreza Moradi  fork.c print 2
[292948.877313]  Kernel Built by Hamidreza Moradi  fork.c print 2
[294069.894796]  Kernel Built by Hamidreza Moradi  fork.c print 2
[294748.913281]  Kernel Built by Hamidreza Moradi  fork.c print 2
[295869.918818]  Kernel Built by Hamidreza Moradi  fork.c print 2
[296548.945814]  Kernel Built by Hamidreza Moradi  fork.c print 2
[297669.927733]  Kernel Built by Hamidreza Moradi  fork.c print 2
[298348.969108]  Kernel Built by Hamidreza Moradi  fork.c print 2
[299469.943179]  Kernel Built by Hamidreza Moradi  fork.c print 2
[300148.995552]  Kernel Built by Hamidreza Moradi  fork.c print 2
[301269.966174]  Kernel Built by Hamidreza Moradi  fork.c print 2
[301949.026194]  Kernel Built by Hamidreza Moradi  fork.c print 2
[303069.992388]  Kernel Built by Hamidreza Moradi  fork.c print 2
[303749.057345]  Kernel Built by Hamidreza Moradi  fork.c print 2
[304870.007486]  Kernel Built by Hamidreza Moradi  fork.c print 2
[305549.084775]  Kernel Built by Hamidreza Moradi  fork.c print 2
[306670.031041]  Kernel Built by Hamidreza Moradi  fork.c print 2
[307349.111754]  Kernel Built by Hamidreza Moradi  fork.c print 2
